Archive member included to satisfy reference by file (symbol)

/usr/lib/gcc/arm-none-eabi/7.3.1/thumb/v6-m/libgcc.a(_dvmd_tls.o)
                              CMakeFiles/pico-jl.dir/home/klauszerbe/pico/pico-sdk/src/rp2_common/pico_divider/divider.S.obj (__aeabi_idiv0)
/usr/lib/gcc/arm-none-eabi/7.3.1/../../../arm-none-eabi/lib/thumb/v6-m/libg.a(lib_a-atexit.o)
                              /usr/lib/gcc/arm-none-eabi/7.3.1/../../../arm-none-eabi/lib/thumb/v6-m/crt0.o (atexit)
/usr/lib/gcc/arm-none-eabi/7.3.1/../../../arm-none-eabi/lib/thumb/v6-m/libg.a(lib_a-calloc.o)
                              CMakeFiles/pico-jl.dir/home/klauszerbe/pico/pico-sdk/src/rp2_common/pico_malloc/pico_malloc.c.obj (calloc)
/usr/lib/gcc/arm-none-eabi/7.3.1/../../../arm-none-eabi/lib/thumb/v6-m/libg.a(lib_a-callocr.o)
                              /usr/lib/gcc/arm-none-eabi/7.3.1/../../../arm-none-eabi/lib/thumb/v6-m/libg.a(lib_a-calloc.o) (_calloc_r)
/usr/lib/gcc/arm-none-eabi/7.3.1/../../../arm-none-eabi/lib/thumb/v6-m/libg.a(lib_a-fflush.o)
                              CMakeFiles/pico-jl.dir/src/jli.cpp.obj (fflush)
/usr/lib/gcc/arm-none-eabi/7.3.1/../../../arm-none-eabi/lib/thumb/v6-m/libg.a(lib_a-findfp.o)
                              /usr/lib/gcc/arm-none-eabi/7.3.1/../../../arm-none-eabi/lib/thumb/v6-m/libg.a(lib_a-fflush.o) (__sinit)
/usr/lib/gcc/arm-none-eabi/7.3.1/../../../arm-none-eabi/lib/thumb/v6-m/libg.a(lib_a-fini.o)
                              /usr/lib/gcc/arm-none-eabi/7.3.1/../../../arm-none-eabi/lib/thumb/v6-m/crt0.o (__libc_fini_array)
/usr/lib/gcc/arm-none-eabi/7.3.1/../../../arm-none-eabi/lib/thumb/v6-m/libg.a(lib_a-freer.o)
                              /usr/lib/gcc/arm-none-eabi/7.3.1/../../../arm-none-eabi/lib/thumb/v6-m/libg.a(lib_a-fflush.o) (_free_r)
/usr/lib/gcc/arm-none-eabi/7.3.1/../../../arm-none-eabi/lib/thumb/v6-m/libg.a(lib_a-fwalk.o)
                              /usr/lib/gcc/arm-none-eabi/7.3.1/../../../arm-none-eabi/lib/thumb/v6-m/libg.a(lib_a-findfp.o) (_fwalk)
/usr/lib/gcc/arm-none-eabi/7.3.1/../../../arm-none-eabi/lib/thumb/v6-m/libg.a(lib_a-impure.o)
                              /usr/lib/gcc/arm-none-eabi/7.3.1/../../../arm-none-eabi/lib/thumb/v6-m/libg.a(lib_a-fflush.o) (_global_impure_ptr)
/usr/lib/gcc/arm-none-eabi/7.3.1/../../../arm-none-eabi/lib/thumb/v6-m/libg.a(lib_a-init.o)
                              /usr/lib/gcc/arm-none-eabi/7.3.1/../../../arm-none-eabi/lib/thumb/v6-m/crt0.o (__libc_init_array)
/usr/lib/gcc/arm-none-eabi/7.3.1/../../../arm-none-eabi/lib/thumb/v6-m/libg.a(lib_a-malloc.o)
                              CMakeFiles/pico-jl.dir/home/klauszerbe/pico/pico-sdk/src/rp2_common/pico_malloc/pico_malloc.c.obj (malloc)
/usr/lib/gcc/arm-none-eabi/7.3.1/../../../arm-none-eabi/lib/thumb/v6-m/libg.a(lib_a-mallocr.o)
                              /usr/lib/gcc/arm-none-eabi/7.3.1/../../../arm-none-eabi/lib/thumb/v6-m/libg.a(lib_a-callocr.o) (_malloc_r)
/usr/lib/gcc/arm-none-eabi/7.3.1/../../../arm-none-eabi/lib/thumb/v6-m/libg.a(lib_a-mlock.o)
                              /usr/lib/gcc/arm-none-eabi/7.3.1/../../../arm-none-eabi/lib/thumb/v6-m/libg.a(lib_a-freer.o) (__malloc_lock)
/usr/lib/gcc/arm-none-eabi/7.3.1/../../../arm-none-eabi/lib/thumb/v6-m/libg.a(lib_a-realloc.o)
                              CMakeFiles/pico-jl.dir/src/jl-func.cpp.obj (realloc)
/usr/lib/gcc/arm-none-eabi/7.3.1/../../../arm-none-eabi/lib/thumb/v6-m/libg.a(lib_a-reallocr.o)
                              /usr/lib/gcc/arm-none-eabi/7.3.1/../../../arm-none-eabi/lib/thumb/v6-m/libg.a(lib_a-realloc.o) (_realloc_r)
/usr/lib/gcc/arm-none-eabi/7.3.1/../../../arm-none-eabi/lib/thumb/v6-m/libg.a(lib_a-sbrkr.o)
                              /usr/lib/gcc/arm-none-eabi/7.3.1/../../../arm-none-eabi/lib/thumb/v6-m/libg.a(lib_a-freer.o) (_sbrk_r)
/usr/lib/gcc/arm-none-eabi/7.3.1/../../../arm-none-eabi/lib/thumb/v6-m/libg.a(lib_a-stdio.o)
                              /usr/lib/gcc/arm-none-eabi/7.3.1/../../../arm-none-eabi/lib/thumb/v6-m/libg.a(lib_a-findfp.o) (__sread)
/usr/lib/gcc/arm-none-eabi/7.3.1/../../../arm-none-eabi/lib/thumb/v6-m/libg.a(lib_a-strcmp.o)
                              CMakeFiles/pico-jl.dir/src/jl-func.cpp.obj (strcmp)
/usr/lib/gcc/arm-none-eabi/7.3.1/../../../arm-none-eabi/lib/thumb/v6-m/libg.a(lib_a-strdup.o)
                              CMakeFiles/pico-jl.dir/src/jl-value.cpp.obj (strdup)
/usr/lib/gcc/arm-none-eabi/7.3.1/../../../arm-none-eabi/lib/thumb/v6-m/libg.a(lib_a-strdup_r.o)
                              /usr/lib/gcc/arm-none-eabi/7.3.1/../../../arm-none-eabi/lib/thumb/v6-m/libg.a(lib_a-strdup.o) (_strdup_r)
/usr/lib/gcc/arm-none-eabi/7.3.1/../../../arm-none-eabi/lib/thumb/v6-m/libg.a(lib_a-strlen-stub.o)
                              CMakeFiles/pico-jl.dir/src/jl-func.cpp.obj (strlen)
/usr/lib/gcc/arm-none-eabi/7.3.1/../../../arm-none-eabi/lib/thumb/v6-m/libg.a(lib_a-strtod.o)
                              CMakeFiles/pico-jl.dir/src/jl.cpp.obj (strtod)
[...]
Memory Configuration

Name             Origin             Length             Attributes
FLASH            0x0000000010000000 0x0000000000200000 xr
RAM              0x0000000020000000 0x0000000000040000 xrw
SCRATCH_X        0x0000000020040000 0x0000000000001000 xrw
SCRATCH_Y        0x0000000020041000 0x0000000000001000 xrw
*default*        0x0000000000000000 0xffffffffffffffff

Linker script and memory map

LOAD /usr/lib/gcc/arm-none-eabi/7.3.1/thumb/v6-m/crti.o
LOAD /usr/lib/gcc/arm-none-eabi/7.3.1/thumb/v6-m/crtbegin.o
LOAD /usr/lib/gcc/arm-none-eabi/7.3.1/../../../arm-none-eabi/lib/thumb/v6-m/crt0.o

.flash_begin    0x0000000010000000        0x0
                0x0000000010000000                __flash_binary_start = .

.boot2          0x0000000010000000      0x100
                0x0000000010000000                __boot2_start__ = .
 *(.boot2)
 .boot2         0x0000000010000000      0x100 /tmp/ccLdBMx2.o
                0x0000000010000100                __boot2_end__ = .
                0x0000000000000001                ASSERT (((__boot2_end__ - __boot2_start__) == 0x100), ERROR: Pico second stage bootloader must be 256 bytes in size)

.text           0x0000000010000100     0x8fd0
                0x0000000010000100                __logical_binary_start = .
 *(.vectors)
 .vectors       0x0000000010000100       0xd4 CMakeFiles/pico-jl.dir/home/klauszerbe/pico/pico-sdk/src/rp2_common/pico_standard_link/crt0.S.obj
                0x0000000010000100                __vectors
                0x0000000010000100                __VECTOR_TABLE
                0x00000000100001c0                isr_invalid
                0x00000000100001c0                __default_isrs_start
                0x00000000100001c2                isr_nmi
                0x00000000100001c4                isr_hardfault
                0x00000000100001c6                isr_svcall
                0x00000000100001c8                isr_pendsv
                0x00000000100001ca                isr_systick
                0x00000000100001cc                isr_irq30
                0x00000000100001cc                __unhandled_user_irq
                0x00000000100001cc                isr_irq13
                0x00000000100001cc                isr_irq27
                0x00000000100001cc                isr_irq31
                0x00000000100001cc                isr_irq5
                0x00000000100001cc                isr_irq11
                0x00000000100001cc                isr_irq23
                0x00000000100001cc                isr_irq18
                0x00000000100001cc                isr_irq28
                0x00000000100001cc                isr_irq19
                0x00000000100001cc                isr_irq0
                0x00000000100001cc                isr_irq6
                0x00000000100001cc                isr_irq22
                0x00000000100001cc                isr_irq17
                0x00000000100001cc                isr_irq14
                0x00000000100001cc                isr_irq2
                0x00000000100001cc                isr_irq10
                0x00000000100001cc                isr_irq8
                0x00000000100001cc                isr_irq24
                0x00000000100001cc                isr_irq1
                0x00000000100001cc                isr_irq7
                0x00000000100001cc                isr_irq21
                0x00000000100001cc                isr_irq20
                0x00000000100001cc                isr_irq15
                0x00000000100001cc                isr_irq25
                0x00000000100001cc                isr_irq4
                0x00000000100001cc                isr_irq16
                0x00000000100001cc                isr_irq29
                0x00000000100001cc                isr_irq26
                0x00000000100001cc                __default_isrs_end
                0x00000000100001cc                isr_irq3
                0x00000000100001cc                isr_irq12
                0x00000000100001cc                isr_irq9
                0x00000000100001d2                unhandled_user_irq_num_in_r0
 *(.binary_info_header)
 .binary_info_header
                0x00000000100001d4       0x14 CMakeFiles/pico-jl.dir/home/klauszerbe/pico/pico-sdk/src/rp2_common/pico_standard_link/crt0.S.obj
                0x00000000100001e8                __binary_info_header_end = .
 *(.reset)
 .reset         0x00000000100001e8       0xa8 CMakeFiles/pico-jl.dir/home/klauszerbe/pico/pico-sdk/src/rp2_common/pico_standard_link/crt0.S.obj
                0x00000000100001e8                _entry_point
                0x0000000010000266                __get_current_exception
 .reset         0x0000000010000290       0x30 CMakeFiles/pico-jl.dir/home/klauszerbe/pico/pico-sdk/src/rp2_common/pico_standard_link/binary_info.c.obj
 *(.init)
 .init          0x00000000100002c0        0x4 /usr/lib/gcc/arm-none-eabi/7.3.1/thumb/v6-m/crti.o
                0x00000000100002c0                _init
 *(EXCLUDE_FILE(*libm.a: *libc.a:*lib_a-mem*.o *libgcc.a:) .text*)
 .text          0x00000000100002c4       0x98 /usr/lib/gcc/arm-none-eabi/7.3.1/thumb/v6-m/crtbegin.o
 .text._Z7GetFreeP9JLContext
                0x000000001000035c       0x44 CMakeFiles/pico-jl.dir/src/jl-context.cpp.obj
                0x000000001000035c                GetFree(JLContext*)
 .text._Z7PutFreeP9JLContextPv
                0x00000000100003a0        0x8 CMakeFiles/pico-jl.dir/src/jl-context.cpp.obj
                0x00000000100003a0                PutFree(JLContext*, void*)
 .text._Z5ErrorP9JLContextPKcz
                0x00000000100003a8       0x34 CMakeFiles/pico-jl.dir/src/jl-context.cpp.obj
                0x00000000100003a8                Error(JLContext*, char const*, ...)
 .text._ZL14CheckConditionP9JLContextP7JLValue
                0x00000000100003dc       0x4a CMakeFiles/pico-jl.dir/src/jl-func.cpp.obj
 .text._ZL6IfFuncP9JLContextP7JLValuePv
                0x0000000010000426       0x2e CMakeFiles/pico-jl.dir/src/jl-func.cpp.obj
 .text._ZL6OrFuncP9JLContextP7JLValuePv
                0x0000000010000454       0x30 CMakeFiles/pico-jl.dir/src/jl-func.cpp.obj
 .text._ZL7AndFuncP9JLContextP7JLValuePv
                0x0000000010000484       0x30 CMakeFiles/pico-jl.dir/src/jl-func.cpp.obj
 .text._ZL20TooFewArgumentsErrorP9JLContextP7JLValue
                0x00000000100004b4       0x10 CMakeFiles/pico-jl.dir/src/jl-func.cpp.obj
 .text._ZL21TooManyArgumentsErrorP9JLContextP7JLValue
                0x00000000100004c4       0x10 CMakeFiles/pico-jl.dir/src/jl-func.cpp.obj
 .text._ZL10IsNullFuncP9JLContextP7JLValuePv
                0x00000000100004d4       0x48 CMakeFiles/pico-jl.dir/src/jl-func.cpp.obj
 .text._ZL10IsListFuncP9JLContextP7JLValuePv
                0x000000001000051c       0x58 CMakeFiles/pico-jl.dir/src/jl-func.cpp.obj
 .text._ZL12IsStringFuncP9JLContextP7JLValuePv
                0x0000000010000574       0x58 CMakeFiles/pico-jl.dir/src/jl-func.cpp.obj
 .text._ZL12IsNumberFuncP9JLContextP7JLValuePv
                0x00000000100005cc       0x58 CMakeFiles/pico-jl.dir/src/jl-func.cpp.obj
 .text._ZL7NotFuncP9JLContextP7JLValuePv
                0x0000000010000624       0x40 CMakeFiles/pico-jl.dir/src/jl-func.cpp.obj
 .text._ZL20InvalidArgumentErrorP9JLContextP7JLValue
                0x0000000010000664       0x10 CMakeFiles/pico-jl.dir/src/jl-func.cpp.obj
 .text._ZL7ModFuncP9JLContextP7JLValuePv
                0x0000000010000674       0xa0 CMakeFiles/pico-jl.dir/src/jl-func.cpp.obj
 .text._ZL7DivFuncP9JLContextP7JLValuePv
                0x0000000010000714       0x88 CMakeFiles/pico-jl.dir/src/jl-func.cpp.obj
 .text._ZL7MulFuncP9JLContextP7JLValuePv
                0x000000001000079c       0x74 CMakeFiles/pico-jl.dir/src/jl-func.cpp.obj
 .text._ZL7SubFuncP9JLContextP7JLValuePv
                0x0000000010000810       0x9e CMakeFiles/pico-jl.dir/src/jl-func.cpp.obj
 .text._ZL7AddFuncP9JLContextP7JLValuePv
                0x00000000100008ae       0x6e CMakeFiles/pico-jl.dir/src/jl-func.cpp.obj
 .text._ZL10ConcatFuncP9JLContextP7JLValuePv
                0x000000001000091c       0xb2 CMakeFiles/pico-jl.dir/src/jl-func.cpp.obj
 .text._ZL10SubstrFuncP9JLContextP7JLValuePv
                0x00000000100009ce      0x130 CMakeFiles/pico-jl.dir/src/jl-func.cpp.obj
 .text._ZL8RestFuncP9JLContextP7JLValuePv
                0x0000000010000afe       0x5a CMakeFiles/pico-jl.dir/src/jl-func.cpp.obj
 .text._ZL10LambdaFuncP9JLContextP7JLValuePv
                0x0000000010000b58       0x52 CMakeFiles/pico-jl.dir/src/jl-func.cpp.obj
 .text._ZL8HeadFuncP9JLContextP7JLValuePv
                0x0000000010000baa       0x38 CMakeFiles/pico-jl.dir/src/jl-func.cpp.obj
 .text._ZL8ListFuncP9JLContextP7JLValuePv
                0x0000000010000be2       0x4e CMakeFiles/pico-jl.dir/src/jl-func.cpp.obj
 .text._ZL8ConsFuncP9JLContextP7JLValuePv
                0x0000000010000c30       0x96 CMakeFiles/pico-jl.dir/src/jl-func.cpp.obj
 .text._ZL10DefineFuncP9JLContextP7JLValuePv
                0x0000000010000cc6       0x36 CMakeFiles/pico-jl.dir/src/jl-func.cpp.obj
 .text._ZL9BeginFuncP9JLContextP7JLValuePv
                0x0000000010000cfc       0x32 CMakeFiles/pico-jl.dir/src/jl-func.cpp.obj
 *fill*         0x0000000010000d2e        0x2 
 .text._ZL11CompareFuncP9JLContextP7JLValuePv
                0x0000000010000d30      0x198 CMakeFiles/pico-jl.dir/src/jl-func.cpp.obj
 .text._Z17RegisterFunctionsP9JLContext
                0x0000000010000ec8       0x28 CMakeFiles/pico-jl.dir/src/jl-func.cpp.obj
                0x0000000010000ec8                RegisterFunctions(JLContext*)
 .text._ZL18CountScopeBindingsP11BindingNodeP9ScopeNode
                0x0000000010000ef0       0x3e CMakeFiles/pico-jl.dir/src/jl-scope.cpp.obj
 .text._ZL15ReleaseBindingsP9JLContextP11BindingNode
                0x0000000010000f2e       0x30 CMakeFiles/pico-jl.dir/src/jl-scope.cpp.obj
 .text._Z12JLEnterScopeP9JLContext
                0x0000000010000f5e       0x18 CMakeFiles/pico-jl.dir/src/jl-scope.cpp.obj
                0x0000000010000f5e                JLEnterScope(JLContext*)
 .text._Z12ReleaseScopeP9JLContextP9ScopeNode
                0x0000000010000f76       0x2e CMakeFiles/pico-jl.dir/src/jl-scope.cpp.obj
                0x0000000010000f76                ReleaseScope(JLContext*, ScopeNode*)
 .text._Z12JLLeaveScopeP9JLContext
                0x0000000010000fa4        0xe CMakeFiles/pico-jl.dir/src/jl-scope.cpp.obj
                0x0000000010000fa4                JLLeaveScope(JLContext*)
 *fill*         0x0000000010000fb2        0x2 
 .text._Z6LookupP9JLContextPKc
                0x0000000010000fb4       0x44 CMakeFiles/pico-jl.dir/src/jl-scope.cpp.obj
                0x0000000010000fb4                Lookup(JLContext*, char const*)
 .text._Z11CreateValueP9JLContextPKcc
                0x0000000010000ff8       0x26 CMakeFiles/pico-jl.dir/src/jl-value.cpp.obj
                0x0000000010000ff8                CreateValue(JLContext*, char const*, char)
 *fill*         0x000000001000101e        0x2 
 .text._Z9CopyValueP9JLContextPK7JLValue
                0x0000000010001020       0x50 CMakeFiles/pico-jl.dir/src/jl-value.cpp.obj
                0x0000000010001020                CopyValue(JLContext*, JLValue const*)
 .text._ZL12ParseLiteralP9JLContextPPKc
                0x0000000010001070      0x28c CMakeFiles/pico-jl.dir/src/jl.cpp.obj
 .text._Z8JLRetainP9JLContextP7JLValue
                0x00000000100012fc        0xc CMakeFiles/pico-jl.dir/src/jl.cpp.obj
                0x00000000100012fc                JLRetain(JLContext*, JLValue*)
 .text._Z9JLReleaseP9JLContextP7JLValue
                0x0000000010001308       0x50 CMakeFiles/pico-jl.dir/src/jl.cpp.obj
                0x0000000010001308                JLRelease(JLContext*, JLValue*)
 .text._ZL9ParseListP9JLContextPPKc
                0x0000000010001358       0x64 CMakeFiles/pico-jl.dir/src/jl.cpp.obj
 .text._ZL15ParseExpressionP9JLContextPPKc
                0x00000000100013bc       0x56 CMakeFiles/pico-jl.dir/src/jl.cpp.obj
 .text._Z13JLDefineValueP9JLContextPKcP7JLValue
                0x0000000010001412       0x6a CMakeFiles/pico-jl.dir/src/jl.cpp.obj
                0x0000000010001412                JLDefineValue(JLContext*, char const*, JLValue*)
 .text._Z15JLCreateContextv
                0x000000001000147c       0x3c CMakeFiles/pico-jl.dir/src/jl.cpp.obj
                0x000000001000147c                JLCreateContext()
 .text._Z15JLDefineSpecialP9JLContextPKcPFP7JLValueS0_S4_PvES5_
                0x00000000100014b8       0x1c CMakeFiles/pico-jl.dir/src/jl.cpp.obj
                0x00000000100014b8                JLDefineSpecial(JLContext*, char const*, JLValue* (*)(JLContext*, JLValue*, void*), void*)
 .text._Z14JLDefineNumberP9JLContextPKcd
                0x00000000100014d4       0x12 CMakeFiles/pico-jl.dir/src/jl.cpp.obj
                0x00000000100014d4                JLDefineNumber(JLContext*, char const*, double)
 *fill*         0x00000000100014e6        0x2 
 .text._Z10JLEvaluateP9JLContextP7JLValue
                0x00000000100014e8       0xbc CMakeFiles/pico-jl.dir/src/jl.cpp.obj
                0x00000000100014e8                JLEvaluate(JLContext*, JLValue*)
 .text._ZL10EvalLambdaP9JLContextPK7JLValuePS1_
                0x00000000100015a4      0x110 CMakeFiles/pico-jl.dir/src/jl.cpp.obj
 .text._Z7JLParseP9JLContextPPKc
                0x00000000100016b4       0x2c CMakeFiles/pico-jl.dir/src/jl.cpp.obj
                0x00000000100016b4                JLParse(JLContext*, char const**)
 .text._Z10JLIsStringP7JLValue
                0x00000000100016e0       0x16 CMakeFiles/pico-jl.dir/src/jl.cpp.obj
                0x00000000100016e0                JLIsString(JLValue*)
 .text._Z11JLGetStringP7JLValue
                0x00000000100016f6        0x4 CMakeFiles/pico-jl.dir/src/jl.cpp.obj
                0x00000000100016f6                JLGetString(JLValue*)
 .text._Z9JLGetNextP7JLValue
                0x00000000100016fa        0x4 CMakeFiles/pico-jl.dir/src/jl.cpp.obj
                0x00000000100016fa                JLGetNext(JLValue*)
 *fill*         0x00000000100016fe        0x2 
 .text._Z7JLPrintPK9JLContextPK7JLValue
                0x0000000010001700       0xd4 CMakeFiles/pico-jl.dir/src/jl.cpp.obj
                0x0000000010001700                JLPrint(JLContext const*, JLValue const*)
 .text._ZL9PrintFuncP9JLContextP7JLValuePv
                0x00000000100017d4       0x54 CMakeFiles/pico-jl.dir/src/jli.cpp.obj
 .text._ZL7getLinebbc
                0x0000000010001828       0xa8 CMakeFiles/pico-jl.dir/src/jli.cpp.obj
 .text._ZL13ProcessBufferP9JLContextPKc
                0x00000000100018d0       0x40 CMakeFiles/pico-jl.dir/src/jli.cpp.obj
 .text.main     0x0000000010001910       0x9c CMakeFiles/pico-jl.dir/src/jli.cpp.obj
                0x0000000010001910                main
 .text.gpio_set_function
                0x00000000100019ac       0x30 CMakeFiles/pico-jl.dir/home/klauszerbe/pico/pico-sdk/src/rp2_common/hardware_gpio/gpio.c.obj
                0x00000000100019ac                gpio_set_function
 .text.hw_claim_lock
                0x00000000100019dc       0x18 CMakeFiles/pico-jl.dir/home/klauszerbe/pico/pico-sdk/src/rp2_common/hardware_claim/claim.c.obj
                0x00000000100019dc                hw_claim_lock
 .text.hw_claim_unlock
                0x00000000100019f4       0x14 CMakeFiles/pico-jl.dir/home/klauszerbe/pico/pico-sdk/src/rp2_common/hardware_claim/claim.c.obj
                0x00000000100019f4                hw_claim_unlock
 .text.hw_claim_or_assert
                0x0000000010001a08       0x32 CMakeFiles/pico-jl.dir/home/klauszerbe/pico/pico-sdk/src/rp2_common/hardware_claim/claim.c.obj
                0x0000000010001a08                hw_claim_or_assert
 *fill*         0x0000000010001a3a        0x2 
 .text.running_on_fpga
                0x0000000010001a3c       0x14 CMakeFiles/pico-jl.dir/home/klauszerbe/pico/pico-sdk/src/rp2_common/pico_platform/platform.c.obj
                0x0000000010001a3c                running_on_fpga
 .text.spin_locks_reset
                0x0000000010001a50       0x20 CMakeFiles/pico-jl.dir/home/klauszerbe/pico/pico-sdk/src/rp2_common/hardware_sync/sync.c.obj
                0x0000000010001a50                spin_locks_reset
 .text.next_striped_spin_lock_num
                0x0000000010001a70       0x1c CMakeFiles/pico-jl.dir/home/klauszerbe/pico/pico-sdk/src/rp2_common/hardware_sync/sync.c.obj
                0x0000000010001a70                next_striped_spin_lock_num
 .text.uart_set_baudrate
                0x0000000010001a8c       0x5c CMakeFiles/pico-jl.dir/home/klauszerbe/pico/pico-sdk/src/rp2_common/hardware_uart/uart.c.obj
                0x0000000010001a8c                uart_set_baudrate
 .text.uart_set_translate_crlf
                0x0000000010001ae8       0x28 CMakeFiles/pico-jl.dir/home/klauszerbe/pico/pico-sdk/src/rp2_common/hardware_uart/uart.c.obj
                0x0000000010001ae8                uart_set_translate_crlf
 .text.uart_init
                0x0000000010001b10       0x84 CMakeFiles/pico-jl.dir/home/klauszerbe/pico/pico-sdk/src/rp2_common/hardware_uart/uart.c.obj
                0x0000000010001b10                uart_init
 .text.alarm_pool_post_alloc_init
                0x0000000010001b94       0x40 CMakeFiles/pico-jl.dir/home/klauszerbe/pico/pico-sdk/src/common/pico_time/time.c.obj
 .text.timer_pool_entry_comparator
                0x0000000010001bd4       0x7c CMakeFiles/pico-jl.dir/home/klauszerbe/pico/pico-sdk/src/common/pico_time/time.c.obj
                0x0000000010001bd4                timer_pool_entry_comparator
 .text.ph_add_child_node
                0x0000000010001c50       0xa4 CMakeFiles/pico-jl.dir/home/klauszerbe/pico/pico-sdk/src/common/pico_time/time.c.obj
 .text.ph_merge_nodes
                0x0000000010001cf4       0x3a CMakeFiles/pico-jl.dir/home/klauszerbe/pico/pico-sdk/src/common/pico_time/time.c.obj
 *fill*         0x0000000010001d2e        0x2 
 .text.add_alarm_under_lock
                0x0000000010001d30      0x180 CMakeFiles/pico-jl.dir/home/klauszerbe/pico/pico-sdk/src/common/pico_time/time.c.obj
 .text.alarm_pool_alarm_callback
                0x0000000010001eb0      0x344 CMakeFiles/pico-jl.dir/home/klauszerbe/pico/pico-sdk/src/common/pico_time/time.c.obj
 .text.alarm_pool_init_default
                0x00000000100021f4       0x38 CMakeFiles/pico-jl.dir/home/klauszerbe/pico/pico-sdk/src/common/pico_time/time.c.obj
                0x00000000100021f4                alarm_pool_init_default
 .text.hardware_alarm_irq_handler
                0x000000001000222c       0x8c CMakeFiles/pico-jl.dir/home/klauszerbe/pico/pico-sdk/src/rp2_common/hardware_timer/timer.c.obj
 .text.hardware_alarm_claim
                0x00000000100022b8       0x18 CMakeFiles/pico-jl.dir/home/klauszerbe/pico/pico-sdk/src/rp2_common/hardware_timer/timer.c.obj
                0x00000000100022b8                hardware_alarm_claim
 .text.time_us_64
                0x00000000100022d0       0x18 CMakeFiles/pico-jl.dir/home/klauszerbe/pico/pico-sdk/src/rp2_common/hardware_timer/timer.c.obj
                0x00000000100022d0                time_us_64
 .text.busy_wait_until
                0x00000000100022e8       0x28 CMakeFiles/pico-jl.dir/home/klauszerbe/pico/pico-sdk/src/rp2_common/hardware_timer/timer.c.obj
                0x00000000100022e8                busy_wait_until
 .text.busy_wait_us
                0x0000000010002310       0x48 CMakeFiles/pico-jl.dir/home/klauszerbe/pico/pico-sdk/src/rp2_common/hardware_timer/timer.c.obj
                0x0000000010002310                busy_wait_us
 .text.hardware_alarm_set_callback
                0x0000000010002358       0x90 CMakeFiles/pico-jl.dir/home/klauszerbe/pico/pico-sdk/src/rp2_common/hardware_timer/timer.c.obj
                0x0000000010002358                hardware_alarm_set_callback
 .text.hardware_alarm_set_target
                0x00000000100023e8       0xe8 CMakeFiles/pico-jl.dir/home/klauszerbe/pico/pico-sdk/src/rp2_common/hardware_timer/timer.c.obj
                0x00000000100023e8                hardware_alarm_set_target
 .text.hardware_alarm_cancel
                0x00000000100024d0       0x40 CMakeFiles/pico-jl.dir/home/klauszerbe/pico/pico-sdk/src/rp2_common/hardware_timer/timer.c.obj
                0x00000000100024d0                hardware_alarm_cancel
 .text.lock_init
                0x0000000010002510       0x10 CMakeFiles/pico-jl.dir/home/klauszerbe/pico/pico-sdk/src/common/pico_sync/lock_core.c.obj
                0x0000000010002510                lock_init
 .text.mutex_init
                0x0000000010002520       0x1a CMakeFiles/pico-jl.dir/home/klauszerbe/pico/pico-sdk/src/common/pico_sync/mutex.c.obj
                0x0000000010002520                mutex_init
 .text.recursive_mutex_init
                0x000000001000253a       0x1e CMakeFiles/pico-jl.dir/home/klauszerbe/pico/pico-sdk/src/common/pico_sync/mutex.c.obj
                0x000000001000253a                recursive_mutex_init
 .text.ph_add_child_node
                0x0000000010002558       0xa4 CMakeFiles/pico-jl.dir/home/klauszerbe/pico/pico-sdk/src/common/pico_util/pheap.c.obj
 .text.ph_merge_nodes
                0x00000000100025fc       0x3a CMakeFiles/pico-jl.dir/home/klauszerbe/pico/pico-sdk/src/common/pico_util/pheap.c.obj
 *fill*         0x0000000010002636        0x2 
 .text.ph_clear
                0x0000000010002638       0x70 CMakeFiles/pico-jl.dir/home/klauszerbe/pico/pico-sdk/src/common/pico_util/pheap.c.obj
                0x0000000010002638                ph_clear
 .text.ph_post_alloc_init
                0x00000000100026a8        0xe CMakeFiles/pico-jl.dir/home/klauszerbe/pico/pico-sdk/src/common/pico_util/pheap.c.obj
                0x00000000100026a8                ph_post_alloc_init
 *fill*         0x00000000100026b6        0x2 
 .text.ph_merge_two_pass
                0x00000000100026b8       0xac CMakeFiles/pico-jl.dir/home/klauszerbe/pico/pico-sdk/src/common/pico_util/pheap.c.obj
                0x00000000100026b8                ph_merge_two_pass
 .text.ph_remove_any_head
                0x0000000010002764      0x108 CMakeFiles/pico-jl.dir/home/klauszerbe/pico/pico-sdk/src/common/pico_util/pheap.c.obj
 .text.ph_remove_head
                0x000000001000286c       0x14 CMakeFiles/pico-jl.dir/home/klauszerbe/pico/pico-sdk/src/common/pico_util/pheap.c.obj
                0x000000001000286c                ph_remove_head
 .text.ph_remove_and_free_node
                0x0000000010002880       0xf8 CMakeFiles/pico-jl.dir/home/klauszerbe/pico/pico-sdk/src/common/pico_util/pheap.c.obj
                0x0000000010002880                ph_remove_and_free_node
 .text._exit    0x0000000010002978        0x4 CMakeFiles/pico-jl.dir/home/klauszerbe/pico/pico-sdk/src/rp2_common/pico_runtime/runtime.c.obj
                0x0000000010002978                _exit
 .text._sbrk    0x000000001000297c       0x38 CMakeFiles/pico-jl.dir/home/klauszerbe/pico/pico-sdk/src/rp2_common/pico_runtime/runtime.c.obj
                0x000000001000297c                _sbrk
 .text.exit     0x00000000100029b4        0x6 CMakeFiles/pico-jl.dir/home/klauszerbe/pico/pico-sdk/src/rp2_common/pico_runtime/runtime.c.obj
                0x00000000100029b4                exit
 *fill*         0x00000000100029ba        0x2 
 .text.__assert_func
                0x00000000100029bc       0x3c CMakeFiles/pico-jl.dir/home/klauszerbe/pico/pico-sdk/src/rp2_common/pico_runtime/runtime.c.obj
                0x00000000100029bc                __assert_func
 .text.runtime_init
                0x00000000100029f8       0xf8 CMakeFiles/pico-jl.dir/home/klauszerbe/pico/pico-sdk/src/rp2_common/pico_runtime/runtime.c.obj
                0x00000000100029f8                runtime_init
 .text.panic    0x0000000010002af0       0x30 CMakeFiles/pico-jl.dir/home/klauszerbe/pico/pico-sdk/src/rp2_common/pico_runtime/runtime.c.obj
                0x0000000010002af0                panic
 .text.clock_configure
                0x0000000010002b20       0xfc CMakeFiles/pico-jl.dir/home/klauszerbe/pico/pico-sdk/src/rp2_common/hardware_clocks/clocks.c.obj
                0x0000000010002b20                clock_configure
 .text.clocks_init
                0x0000000010002c1c      0x100 CMakeFiles/pico-jl.dir/home/klauszerbe/pico/pico-sdk/src/rp2_common/hardware_clocks/clocks.c.obj
                0x0000000010002c1c                clocks_init
 .text.clock_get_hz
                0x0000000010002d1c        0xc CMakeFiles/pico-jl.dir/home/klauszerbe/pico/pico-sdk/src/rp2_common/hardware_clocks/clocks.c.obj
                0x0000000010002d1c                clock_get_hz
 .text.set_raw_irq_handler_and_unlock
                0x0000000010002d28       0x28 CMakeFiles/pico-jl.dir/home/klauszerbe/pico/pico-sdk/src/rp2_common/hardware_irq/irq.c.obj
 .text.make_branch
                0x0000000010002d50       0x34 CMakeFiles/pico-jl.dir/home/klauszerbe/pico/pico-sdk/src/rp2_common/hardware_irq/irq.c.obj
 .text.insert_branch_and_link
                0x0000000010002d84       0x40 CMakeFiles/pico-jl.dir/home/klauszerbe/pico/pico-sdk/src/rp2_common/hardware_irq/irq.c.obj
 .text.irq_is_enabled
                0x0000000010002dc4       0x18 CMakeFiles/pico-jl.dir/home/klauszerbe/pico/pico-sdk/src/rp2_common/hardware_irq/irq.c.obj
                0x0000000010002dc4                irq_is_enabled
 .text.irq_set_mask_enabled
                0x0000000010002ddc       0x20 CMakeFiles/pico-jl.dir/home/klauszerbe/pico/pico-sdk/src/rp2_common/hardware_irq/irq.c.obj
                0x0000000010002ddc                irq_set_mask_enabled
 .text.irq_set_enabled
                0x0000000010002dfc        0xe CMakeFiles/pico-jl.dir/home/klauszerbe/pico/pico-sdk/src/rp2_common/hardware_irq/irq.c.obj
                0x0000000010002dfc                irq_set_enabled
 *fill*         0x0000000010002e0a        0x2 
 .text.irq_get_vtable_handler
                0x0000000010002e0c       0x10 CMakeFiles/pico-jl.dir/home/klauszerbe/pico/pico-sdk/src/rp2_common/hardware_irq/irq.c.obj
                0x0000000010002e0c                irq_get_vtable_handler
 .text.irq_set_exclusive_handler
                0x0000000010002e1c       0x54 CMakeFiles/pico-jl.dir/home/klauszerbe/pico/pico-sdk/src/rp2_common/hardware_irq/irq.c.obj
                0x0000000010002e1c                irq_set_exclusive_handler
 .text.irq_remove_handler
                0x0000000010002e70      0x1b4 CMakeFiles/pico-jl.dir/home/klauszerbe/pico/pico-sdk/src/rp2_common/hardware_irq/irq.c.obj
                0x0000000010002e70                irq_remove_handler
 .text.irq_add_tail_to_free_list
                0x0000000010003024       0xf0 CMakeFiles/pico-jl.dir/home/klauszerbe/pico/pico-sdk/src/rp2_common/hardware_irq/irq.c.obj
                0x0000000010003024                irq_add_tail_to_free_list
 .text.irq_init_priorities
                0x0000000010003114       0x1c CMakeFiles/pico-jl.dir/home/klauszerbe/pico/pico-sdk/src/rp2_common/hardware_irq/irq.c.obj
                0x0000000010003114                irq_init_priorities
 .text.pll_init
                0x0000000010003130      0x118 CMakeFiles/pico-jl.dir/home/klauszerbe/pico/pico-sdk/src/rp2_common/hardware_pll/pll.c.obj
                0x0000000010003130                pll_init
 .text.watchdog_start_tick
                0x0000000010003248       0x10 CMakeFiles/pico-jl.dir/home/klauszerbe/pico/pico-sdk/src/rp2_common/hardware_watchdog/watchdog.c.obj
                0x0000000010003248                watchdog_start_tick
 .text.xosc_init
                0x0000000010003258       0x28 CMakeFiles/pico-jl.dir/home/klauszerbe/pico/pico-sdk/src/rp2_common/hardware_xosc/xosc.c.obj
                0x0000000010003258                xosc_init
 .text._out_null
                0x0000000010003280        0x2 CMakeFiles/pico-jl.dir/home/klauszerbe/pico/pico-sdk/src/rp2_common/pico_printf/printf.c.obj
 .text._out_fct
                0x0000000010003282        0xe CMakeFiles/pico-jl.dir/home/klauszerbe/pico/pico-sdk/src/rp2_common/pico_printf/printf.c.obj
 .text._atoi    0x0000000010003290       0x24 CMakeFiles/pico-jl.dir/home/klauszerbe/pico/pico-sdk/src/rp2_common/pico_printf/printf.c.obj
 .text._out_rev
                0x00000000100032b4       0x8c CMakeFiles/pico-jl.dir/home/klauszerbe/pico/pico-sdk/src/rp2_common/pico_printf/printf.c.obj
 .text._ntoa_format
                0x0000000010003340      0x112 CMakeFiles/pico-jl.dir/home/klauszerbe/pico/pico-sdk/src/rp2_common/pico_printf/printf.c.obj
 .text._ntoa_long
                0x0000000010003452       0x9e CMakeFiles/pico-jl.dir/home/klauszerbe/pico/pico-sdk/src/rp2_common/pico_printf/printf.c.obj
 .text._ntoa_long_long
                0x00000000100034f0       0xe2 CMakeFiles/pico-jl.dir/home/klauszerbe/pico/pico-sdk/src/rp2_common/pico_printf/printf.c.obj
 *fill*         0x00000000100035d2        0x2 
 .text._etoa    0x00000000100035d4      0x424 CMakeFiles/pico-jl.dir/home/klauszerbe/pico/pico-sdk/src/rp2_common/pico_printf/printf.c.obj
 .text._ftoa    0x00000000100039f8      0x340 CMakeFiles/pico-jl.dir/home/klauszerbe/pico/pico-sdk/src/rp2_common/pico_printf/printf.c.obj
 .text._vsnprintf
                0x0000000010003d38      0x640 CMakeFiles/pico-jl.dir/home/klauszerbe/pico/pico-sdk/src/rp2_common/pico_printf/printf.c.obj
 .text.vfctprintf
                0x0000000010004378       0x20 CMakeFiles/pico-jl.dir/home/klauszerbe/pico/pico-sdk/src/rp2_common/pico_printf/printf.c.obj
                0x0000000010004378                vfctprintf
 .text          0x0000000010004398       0x10 CMakeFiles/pico-jl.dir/home/klauszerbe/pico/pico-sdk/src/rp2_common/pico_bit_ops/bit_ops_aeabi.S.obj
 .text.rom_func_lookup
                0x00000000100043a8       0x10 CMakeFiles/pico-jl.dir/home/klauszerbe/pico/pico-sdk/src/rp2_common/pico_bootrom/bootrom.c.obj
                0x00000000100043a8                rom_func_lookup
 .text.rom_data_lookup
                0x00000000100043b8       0x10 CMakeFiles/pico-jl.dir/home/klauszerbe/pico/pico-sdk/src/rp2_common/pico_bootrom/bootrom.c.obj
                0x00000000100043b8                rom_data_lookup
 .text.rom_funcs_lookup
                0x00000000100043c8       0x36 CMakeFiles/pico-jl.dir/home/klauszerbe/pico/pico-sdk/src/rp2_common/pico_bootrom/bootrom.c.obj
                0x00000000100043c8                rom_funcs_lookup
 *fill*         0x00000000100043fe        0x2 
 .text.__wrap___aeabi_idiv
                0x0000000010004400       0x50 CMakeFiles/pico-jl.dir/home/klauszerbe/pico/pico-sdk/src/rp2_common/pico_divider/divider.S.obj
                0x0000000010004400                __wrap___aeabi_idivmod
                0x0000000010004400                divmod_s32s32
                0x0000000010004400                div_s32s32
                0x0000000010004400                __wrap___aeabi_idiv
                0x0000000010004408                divmod_s32s32_unsafe
                0x0000000010004434                divmod_s32s32_savestate
 .text.__wrap___aeabi_uidiv
                0x0000000010004450       0x4c CMakeFiles/pico-jl.dir/home/klauszerbe/pico/pico-sdk/src/rp2_common/pico_divider/divider.S.obj
                0x0000000010004450                __wrap___aeabi_uidiv
                0x0000000010004450                __wrap___aeabi_uidivmod
                0x0000000010004450                div_u32u32
                0x0000000010004450                divmod_u32u32
                0x0000000010004458                divmod_u32u32_unsafe
                0x0000000010004480                divmod_u32u32_savestate
 .text.__wrap___aeabi_ldiv
                0x000000001000449c      0x434 CMakeFiles/pico-jl.dir/home/klauszerbe/pico/pico-sdk/src/rp2_common/pico_divider/divider.S.obj
                0x000000001000449c                div_s64s64
                0x000000001000449c                divmod_s64s64
                0x000000001000449c                __wrap___aeabi_ldivmod
                0x00000000100044d4                div_u64u64
                0x00000000100044d4                divmod_u64u64
                0x00000000100044d4                __wrap___aeabi_uldivmod
                0x00000000100044e4                divmod_u64u64_savestate
                0x000000001000450c                divmod_s64s64_unsafe
                0x0000000010004594                divmod_u64u64_unsafe
 .text.__wrap___aeabi_darithmetic
                0x00000000100048d0       0x80 CMakeFiles/pico-jl.dir/home/klauszerbe/pico/pico-sdk/src/rp2_common/pico_double/double_aeabi.S.obj
                0x00000000100048d0                __wrap___aeabi_drsub
                0x00000000100048d6                __wrap___aeabi_dsub
                0x00000000100048e8                __wrap___aeabi_dadd
                0x00000000100048fa                __wrap___aeabi_ddiv
                0x0000000010004936                __wrap___aeabi_dmul
 .text.__wrap___aeabi_cdcmple
                0x0000000010004950       0x6c CMakeFiles/pico-jl.dir/home/klauszerbe/pico/pico-sdk/src/rp2_common/pico_double/double_aeabi.S.obj
                0x0000000010004950                __wrap___aeabi_cdrcmple
                0x0000000010004960                __wrap___aeabi_cdcmple
                0x0000000010004960                __wrap___aeabi_cdcmpeq
 .text.__wrap___aeabi_dcmpeq
                0x00000000100049bc       0x10 CMakeFiles/pico-jl.dir/home/klauszerbe/pico/pico-sdk/src/rp2_common/pico_double/double_aeabi.S.obj
                0x00000000100049bc                __wrap___aeabi_dcmpeq
 .text.__wrap___aeabi_dcmplt
                0x00000000100049cc        0xc CMakeFiles/pico-jl.dir/home/klauszerbe/pico/pico-sdk/src/rp2_common/pico_double/double_aeabi.S.obj
                0x00000000100049cc                __wrap___aeabi_dcmplt
 .text.__wrap___aeabi_dcmple
                0x00000000100049d8       0x10 CMakeFiles/pico-jl.dir/home/klauszerbe/pico/pico-sdk/src/rp2_common/pico_double/double_aeabi.S.obj
                0x00000000100049d8                __wrap___aeabi_dcmple
 .text.__wrap___aeabi_dcmpge
                0x00000000100049e8       0x10 CMakeFiles/pico-jl.dir/home/klauszerbe/pico/pico-sdk/src/rp2_common/pico_double/double_aeabi.S.obj
                0x00000000100049e8                __wrap___aeabi_dcmpge
 .text.__wrap___aeabi_dcmpgt
                0x00000000100049f8        0xa CMakeFiles/pico-jl.dir/home/klauszerbe/pico/pico-sdk/src/rp2_common/pico_double/double_aeabi.S.obj
                0x00000000100049f8                __wrap___aeabi_dcmpgt
 .text.__wrap___aeabi_dcmpun
                0x0000000010004a02       0x1c CMakeFiles/pico-jl.dir/home/klauszerbe/pico/pico-sdk/src/rp2_common/pico_double/double_aeabi.S.obj
                0x0000000010004a02                __wrap___aeabi_dcmpun
 *fill*         0x0000000010004a1e        0x2 
 .text.__wrap___aeabi_i2d
                0x0000000010004a20       0x38 CMakeFiles/pico-jl.dir/home/klauszerbe/pico/pico-sdk/src/rp2_common/pico_double/double_aeabi.S.obj
                0x0000000010004a20                __wrap___aeabi_ui2d
                0x0000000010004a28                __wrap___aeabi_i2d
 .text.__wrap___aeabi_d2iz
                0x0000000010004a58       0x48 CMakeFiles/pico-jl.dir/home/klauszerbe/pico/pico-sdk/src/rp2_common/pico_double/double_aeabi.S.obj
                0x0000000010004a58                __wrap___aeabi_d2iz
                0x0000000010004a58                double2int_z
 .text.__wrap___aeabi_d2uiz
                0x0000000010004aa0       0x18 CMakeFiles/pico-jl.dir/home/klauszerbe/pico/pico-sdk/src/rp2_common/pico_double/double_aeabi.S.obj
                0x0000000010004aa0                double2uint
                0x0000000010004aa0                __wrap___aeabi_d2uiz
 .text.__wrap___aeabi_l2d
                0x0000000010004ab8       0x18 CMakeFiles/pico-jl.dir/home/klauszerbe/pico/pico-sdk/src/rp2_common/pico_double/double_aeabi.S.obj
                0x0000000010004ab8                __wrap___aeabi_l2d
 .text.__wrap___aeabi_d2lz
                0x0000000010004ad0       0x26 CMakeFiles/pico-jl.dir/home/klauszerbe/pico/pico-sdk/src/rp2_common/pico_double/double_aeabi.S.obj
                0x0000000010004ad0                __wrap___aeabi_d2lz
                0x0000000010004ad0                double2int64_z
 *fill*         0x0000000010004af6        0x2 
 .text.double2int64
                0x0000000010004af8       0x18 CMakeFiles/pico-jl.dir/home/klauszerbe/pico/pico-sdk/src/rp2_common/pico_double/double_aeabi.S.obj
                0x0000000010004af8                double2int64
 .text.double2ufix64
                0x0000000010004b10       0x18 CMakeFiles/pico-jl.dir/home/klauszerbe/pico/pico-sdk/src/rp2_common/pico_double/double_aeabi.S.obj
                0x0000000010004b10                double2ufix64
 .text.__wrap___aeabi_d2f
                0x0000000010004b28       0x18 CMakeFiles/pico-jl.dir/home/klauszerbe/pico/pico-sdk/src/rp2_common/pico_double/double_aeabi.S.obj
                0x0000000010004b28                __wrap___aeabi_d2f
 .text.__aeabi_double_init
                0x0000000010004b40       0xc8 CMakeFiles/pico-jl.dir/home/klauszerbe/pico/pico-sdk/src/rp2_common/pico_double/double_init_rom.c.obj
                0x0000000010004b40                __aeabi_double_init
 .text.double_table_shim_on_use_helper
                0x0000000010004c08       0x34 CMakeFiles/pico-jl.dir/home/klauszerbe/pico/pico-sdk/src/rp2_common/pico_double/double_v1_rom_shim.S.obj
                0x0000000010004c08                double_table_shim_on_use_helper
 .text.__wrap___aeabi_dsub
                0x0000000010004c3c       0x10 CMakeFiles/pico-jl.dir/home/klauszerbe/pico/pico-sdk/src/rp2_common/pico_double/double_v1_rom_shim.S.obj
                0x0000000010004c3c                drsub_shim
                0x0000000010004c42                dsub_shim
 .text.dadd_shim
                0x0000000010004c4c      0x15c CMakeFiles/pico-jl.dir/home/klauszerbe/pico/pico-sdk/src/rp2_common/pico_double/double_v1_rom_shim.S.obj
                0x0000000010004c4c                dadd_shim
 .text.dmul_shim
                0x0000000010004da8      0x15c CMakeFiles/pico-jl.dir/home/klauszerbe/pico/pico-sdk/src/rp2_common/pico_double/double_v1_rom_shim.S.obj
                0x0000000010004da8                dmul_shim
 .text.ddiv_shim
                0x0000000010004f04      0x1b0 CMakeFiles/pico-jl.dir/home/klauszerbe/pico/pico-sdk/src/rp2_common/pico_double/double_v1_rom_shim.S.obj
                0x0000000010004f04                ddiv_shim
 .text.double2uint_shim
                0x00000000100050b4        0xe CMakeFiles/pico-jl.dir/home/klauszerbe/pico/pico-sdk/src/rp2_common/pico_double/double_v1_rom_shim.S.obj
                0x00000000100050b4                double2uint_shim
                0x00000000100050b6                double2ufix_shim
 .text.double2int64_shim
                0x00000000100050c2       0x1a CMakeFiles/pico-jl.dir/home/klauszerbe/pico/pico-sdk/src/rp2_common/pico_double/double_v1_rom_shim.S.obj
                0x00000000100050c2                double2int64_shim
                0x00000000100050c4                double2fix64_shim
 .text.double2uint64_shim
                0x00000000100050dc       0x70 CMakeFiles/pico-jl.dir/home/klauszerbe/pico/pico-sdk/src/rp2_common/pico_double/double_v1_rom_shim.S.obj
                0x00000000100050dc                double2uint64_shim
                0x00000000100050de                double2ufix64_shim
                0x00000000100050fe                d2fix_a
 .text.double2float_shim
                0x000000001000514c       0x5c CMakeFiles/pico-jl.dir/home/klauszerbe/pico/pico-sdk/src/rp2_common/pico_double/double_v1_rom_shim.S.obj
                0x000000001000514c                double2float_shim
 .text.x2double_shims
                0x00000000100051a8       0x90 CMakeFiles/pico-jl.dir/home/klauszerbe/pico/pico-sdk/src/rp2_common/pico_double/double_v1_rom_shim.S.obj
                0x00000000100051a8                uint2double_shim
                0x00000000100051aa                ufix2double_shim
                0x00000000100051b0                int2double_shim
                0x00000000100051b2                fix2double_shim
                0x00000000100051b8                uint642double_shim
                0x00000000100051ba                ufix642double_shim
                0x00000000100051c0                int642double_shim
                0x00000000100051c2                fix642double_shim
 .text.dunpacks
                0x0000000010005238       0x3c CMakeFiles/pico-jl.dir/home/klauszerbe/pico/pico-sdk/src/rp2_common/pico_double/double_v1_rom_shim.S.obj
                0x0000000010005238                dunpacks
 .text.__wrap___aeabi_cfcmple
                0x0000000010005274       0x50 CMakeFiles/pico-jl.dir/home/klauszerbe/pico/pico-sdk/src/rp2_common/pico_float/float_aeabi.S.obj
                0x0000000010005274                __wrap___aeabi_cfrcmple
                0x0000000010005280                __wrap___aeabi_cfcmpeq
                0x0000000010005280                __wrap___aeabi_cfcmple
 .text.__wrap___aeabi_fcmple
                0x00000000100052c4       0x10 CMakeFiles/pico-jl.dir/home/klauszerbe/pico/pico-sdk/src/rp2_common/pico_float/float_aeabi.S.obj
                0x00000000100052c4                __wrap___aeabi_fcmple
 .text.__wrap___aeabi_fcmpun
                0x00000000100052d4       0x18 CMakeFiles/pico-jl.dir/home/klauszerbe/pico/pico-sdk/src/rp2_common/pico_float/float_aeabi.S.obj
                0x00000000100052d4                __wrap___aeabi_fcmpun
 .text.__aeabi_float_init
                0x00000000100052ec       0xfc CMakeFiles/pico-jl.dir/home/klauszerbe/pico/pico-sdk/src/rp2_common/pico_float/float_init_rom.c.obj
                0x00000000100052ec                __aeabi_float_init
 .text.float_table_shim_on_use_helper
                0x00000000100053e8       0x34 CMakeFiles/pico-jl.dir/home/klauszerbe/pico/pico-sdk/src/rp2_common/pico_float/float_v1_rom_shim.S.obj
                0x00000000100053e8                float_table_shim_on_use_helper
 .text.__wrap_malloc
                0x000000001000541c       0x24 CMakeFiles/pico-jl.dir/home/klauszerbe/pico/pico-sdk/src/rp2_common/pico_malloc/pico_malloc.c.obj
                0x000000001000541c                __wrap_malloc
 .text.__wrap_free
                0x0000000010005440        0x8 CMakeFiles/pico-jl.dir/home/klauszerbe/pico/pico-sdk/src/rp2_common/pico_malloc/pico_malloc.c.obj
                0x0000000010005440                __wrap_free
 .text          0x0000000010005448       0x10 CMakeFiles/pico-jl.dir/home/klauszerbe/pico/pico-sdk/src/rp2_common/pico_mem_ops/mem_ops_aeabi.S.obj
                0x0000000010005448                __aeabi_mem_init
 .text.memset   0x0000000010005458        0xc CMakeFiles/pico-jl.dir/home/klauszerbe/pico/pico-sdk/src/rp2_common/pico_mem_ops/mem_ops_aeabi.S.obj
                0x0000000010005458                __wrap_memset
 .text.memcpy   0x0000000010005464        0xc CMakeFiles/pico-jl.dir/home/klauszerbe/pico/pico-sdk/src/rp2_common/pico_mem_ops/mem_ops_aeabi.S.obj
                0x0000000010005464                __wrap___aeabi_memcpy
                0x0000000010005464                __wrap_memcpy
 .text.stdio_out_chars_no_crlf
                0x0000000010005470        0xe CMakeFiles/pico-jl.dir/home/klauszerbe/pico/pico-sdk/src/rp2_common/pico_stdio/stdio.c.obj
 *fill*         0x000000001000547e        0x2 
 .text.stdio_out_chars_crlf
                0x0000000010005480       0x80 CMakeFiles/pico-jl.dir/home/klauszerbe/pico/pico-sdk/src/rp2_common/pico_stdio/stdio.c.obj
 .text.stdio_stack_buffer_flush
                0x0000000010005500       0x44 CMakeFiles/pico-jl.dir/home/klauszerbe/pico/pico-sdk/src/rp2_common/pico_stdio/stdio.c.obj
 .text.stdio_buffered_printer
                0x0000000010005544       0x20 CMakeFiles/pico-jl.dir/home/klauszerbe/pico/pico-sdk/src/rp2_common/pico_stdio/stdio.c.obj
 .text.stdio_get_until
                0x0000000010005564       0x7c CMakeFiles/pico-jl.dir/home/klauszerbe/pico/pico-sdk/src/rp2_common/pico_stdio/stdio.c.obj
 .text.stdout_serialize_begin
                0x00000000100055e0       0x30 CMakeFiles/pico-jl.dir/home/klauszerbe/pico/pico-sdk/src/rp2_common/pico_stdio/stdio.c.obj
                0x00000000100055e0                stdout_serialize_begin
 .text.stdout_serialize_end
                0x0000000010005610       0x10 CMakeFiles/pico-jl.dir/home/klauszerbe/pico/pico-sdk/src/rp2_common/pico_stdio/stdio.c.obj
                0x0000000010005610                stdout_serialize_end
 .text.stdio_put_string
                0x0000000010005620       0x94 CMakeFiles/pico-jl.dir/home/klauszerbe/pico/pico-sdk/src/rp2_common/pico_stdio/stdio.c.obj
 .text.__wrap_putchar
                0x00000000100056b4       0x1c CMakeFiles/pico-jl.dir/home/klauszerbe/pico/pico-sdk/src/rp2_common/pico_stdio/stdio.c.obj
                0x00000000100056b4                __wrap_putchar
 .text._read    0x00000000100056d0       0x24 CMakeFiles/pico-jl.dir/home/klauszerbe/pico/pico-sdk/src/rp2_common/pico_stdio/stdio.c.obj
                0x00000000100056d0                _read
 .text._write   0x00000000100056f4       0x20 CMakeFiles/pico-jl.dir/home/klauszerbe/pico/pico-sdk/src/rp2_common/pico_stdio/stdio.c.obj
                0x00000000100056f4                _write
 .text.stdio_set_driver_enabled
                0x0000000010005714       0x38 CMakeFiles/pico-jl.dir/home/klauszerbe/pico/pico-sdk/src/rp2_common/pico_stdio/stdio.c.obj
                0x0000000010005714                stdio_set_driver_enabled
 .text.stdio_flush
                0x000000001000574c       0x20 CMakeFiles/pico-jl.dir/home/klauszerbe/pico/pico-sdk/src/rp2_common/pico_stdio/stdio.c.obj
                0x000000001000574c                stdio_flush
 .text.__wrap_puts
                0x000000001000576c       0x1e CMakeFiles/pico-jl.dir/home/klauszerbe/pico/pico-sdk/src/rp2_common/pico_stdio/stdio.c.obj
                0x000000001000576c                __wrap_puts
 *fill*         0x000000001000578a        0x2 
 .text.__wrap_vprintf
                0x000000001000578c       0x44 CMakeFiles/pico-jl.dir/home/klauszerbe/pico/pico-sdk/src/rp2_common/pico_stdio/stdio.c.obj
                0x000000001000578c                __wrap_vprintf
 .text.__wrap_printf
                0x00000000100057d0       0x18 CMakeFiles/pico-jl.dir/home/klauszerbe/pico/pico-sdk/src/rp2_common/pico_stdio/stdio.c.obj
                0x00000000100057d0                __wrap_printf
 .text.stdio_init_all
                0x00000000100057e8        0x8 CMakeFiles/pico-jl.dir/home/klauszerbe/pico/pico-sdk/src/rp2_common/pico_stdio/stdio.c.obj
                0x00000000100057e8                stdio_init_all
 .text.__wrap_getchar
                0x00000000100057f0       0x40 CMakeFiles/pico-jl.dir/home/klauszerbe/pico/pico-sdk/src/rp2_common/pico_stdio/stdio.c.obj
                0x00000000100057f0                __wrap_getchar
 .text.stdio_uart_out_chars
                0x0000000010005830       0x70 CMakeFiles/pico-jl.dir/home/klauszerbe/pico/pico-sdk/src/rp2_common/pico_stdio_uart/stdio_uart.c.obj
 .text.stdio_uart_in_chars
                0x00000000100058a0       0x50 CMakeFiles/pico-jl.dir/home/klauszerbe/pico/pico-sdk/src/rp2_common/pico_stdio_uart/stdio_uart.c.obj
                0x00000000100058a0                stdio_uart_in_chars
 .text.stdio_uart_init_full
                0x00000000100058f0       0x3c CMakeFiles/pico-jl.dir/home/klauszerbe/pico/pico-sdk/src/rp2_common/pico_stdio_uart/stdio_uart.c.obj
                0x00000000100058f0                stdio_uart_init_full
 .text.stdio_uart_init
                0x000000001000592c       0x28 CMakeFiles/pico-jl.dir/home/klauszerbe/pico/pico-sdk/src/rp2_common/pico_stdio_uart/stdio_uart.c.obj
                0x000000001000592c                stdio_uart_init
 .text          0x0000000010005954       0x58 /usr/lib/gcc/arm-none-eabi/7.3.1/../../../arm-none-eabi/lib/thumb/v6-m/libg.a(lib_a-callocr.o)
                0x0000000010005954                _calloc_r
 .text          0x00000000100059ac      0x1a4 /usr/lib/gcc/arm-none-eabi/7.3.1/../../../arm-none-eabi/lib/thumb/v6-m/libg.a(lib_a-fflush.o)
                0x00000000100059ac                __sflush_r
                0x0000000010005afc                _fflush_r
                0x0000000010005b28                fflush
 .text          0x0000000010005b50      0x224 /usr/lib/gcc/arm-none-eabi/7.3.1/../../../arm-none-eabi/lib/thumb/v6-m/libg.a(lib_a-findfp.o)
                0x0000000010005b54                _cleanup_r
                0x0000000010005c50                __sfmoreglue
                0x0000000010005c80                __sfp
                0x0000000010005d0c                _cleanup
                0x0000000010005d24                __sinit
                0x0000000010005d34                __sfp_lock_acquire
                0x0000000010005d38                __sfp_lock_release
                0x0000000010005d3c                __sinit_lock_acquire
                0x0000000010005d40                __sinit_lock_release
                0x0000000010005d44                __fp_lock_all
                0x0000000010005d5c                __fp_unlock_all
 .text          0x0000000010005d74      0x274 /usr/lib/gcc/arm-none-eabi/7.3.1/../../../arm-none-eabi/lib/thumb/v6-m/libg.a(lib_a-freer.o)
                0x0000000010005d74                _malloc_trim_r
                0x0000000010005e14                _free_r
 .text          0x0000000010005fe8       0x90 /usr/lib/gcc/arm-none-eabi/7.3.1/../../../arm-none-eabi/lib/thumb/v6-m/libg.a(lib_a-fwalk.o)
                0x0000000010005fe8                _fwalk
                0x000000001000602c                _fwalk_reent
 .text          0x0000000010006078       0x28 /usr/lib/gcc/arm-none-eabi/7.3.1/../../../arm-none-eabi/lib/thumb/v6-m/libg.a(lib_a-malloc.o)
                0x0000000010006078                malloc
                0x000000001000608c                free
 .text          0x00000000100060a0      0x570 /usr/lib/gcc/arm-none-eabi/7.3.1/../../../arm-none-eabi/lib/thumb/v6-m/libg.a(lib_a-mallocr.o)
                0x00000000100060a0                _malloc_r
 .text          0x0000000010006610        0x8 /usr/lib/gcc/arm-none-eabi/7.3.1/../../../arm-none-eabi/lib/thumb/v6-m/libg.a(lib_a-mlock.o)
                0x0000000010006610                __malloc_lock
                0x0000000010006614                __malloc_unlock
 .text          0x0000000010006618       0x18 /usr/lib/gcc/arm-none-eabi/7.3.1/../../../arm-none-eabi/lib/thumb/v6-m/libg.a(lib_a-realloc.o)
                0x0000000010006618                realloc
 .text          0x0000000010006630      0x3b0 /usr/lib/gcc/arm-none-eabi/7.3.1/../../../arm-none-eabi/lib/thumb/v6-m/libg.a(lib_a-reallocr.o)
                0x0000000010006630                _realloc_r
 .text          0x00000000100069e0       0x24 /usr/lib/gcc/arm-none-eabi/7.3.1/../../../arm-none-eabi/lib/thumb/v6-m/libg.a(lib_a-sbrkr.o)
                0x00000000100069e0                _sbrk_r
 .text          0x0000000010006a04       0xa0 /usr/lib/gcc/arm-none-eabi/7.3.1/../../../arm-none-eabi/lib/thumb/v6-m/libg.a(lib_a-stdio.o)
                0x0000000010006a04                __sread
                0x0000000010006a2c                __seofread
                0x0000000010006a30                __swrite
                0x0000000010006a6c                __sseek
                0x0000000010006a98                __sclose
 .text          0x0000000010006aa4       0x88 /usr/lib/gcc/arm-none-eabi/7.3.1/../../../arm-none-eabi/lib/thumb/v6-m/libg.a(lib_a-strcmp.o)
                0x0000000010006aa4                strcmp
 .text          0x0000000010006b2c       0x14 /usr/lib/gcc/arm-none-eabi/7.3.1/../../../arm-none-eabi/lib/thumb/v6-m/libg.a(lib_a-strdup.o)
                0x0000000010006b2c                strdup
 .text          0x0000000010006b40       0x28 /usr/lib/gcc/arm-none-eabi/7.3.1/../../../arm-none-eabi/lib/thumb/v6-m/libg.a(lib_a-strdup_r.o)
                0x0000000010006b40                _strdup_r
 .text          0x0000000010006b68       0x64 /usr/lib/gcc/arm-none-eabi/7.3.1/../../../arm-none-eabi/lib/thumb/v6-m/libg.a(lib_a-strlen-stub.o)
                0x0000000010006b68                strlen
 .text          0x0000000010006bcc     0x1034 /usr/lib/gcc/arm-none-eabi/7.3.1/../../../arm-none-eabi/lib/thumb/v6-m/libg.a(lib_a-strtod.o)
                0x0000000010006bcc                _strtod_l
                0x0000000010007a58                _strtod_r
                0x0000000010007a68                strtod_l
                0x0000000010007a80                strtod
                0x0000000010007a9c                strtof_l
                0x0000000010007b4c                strtof
 .text.unlikely
                0x0000000010007c00       0x30 /usr/lib/gcc/arm-none-eabi/7.3.1/../../../arm-none-eabi/lib/thumb/v6-m/libg.a(lib_a-strtod.o)
 .text          0x0000000010007c30       0x28 /usr/lib/gcc/arm-none-eabi/7.3.1/../../../arm-none-eabi/lib/thumb/v6-m/libg.a(lib_a-writer.o)
                0x0000000010007c30                _write_r
 .text          0x0000000010007c58       0x24 /usr/lib/gcc/arm-none-eabi/7.3.1/../../../arm-none-eabi/lib/thumb/v6-m/libg.a(lib_a-closer.o)
                0x0000000010007c58                _close_r
 .text          0x0000000010007c7c       0xa8 /usr/lib/gcc/arm-none-eabi/7.3.1/../../../arm-none-eabi/lib/thumb/v6-m/libg.a(lib_a-fclose.o)
                0x0000000010007c7c                _fclose_r
                0x0000000010007d10                fclose
 .text          0x0000000010007d24      0x5ec /usr/lib/gcc/arm-none-eabi/7.3.1/../../../arm-none-eabi/lib/thumb/v6-m/libg.a(lib_a-gdtoa-gethex.o)
                0x0000000010007dcc                __gethex
 .text          0x0000000010008310      0x1cc /usr/lib/gcc/arm-none-eabi/7.3.1/../../../arm-none-eabi/lib/thumb/v6-m/libg.a(lib_a-gdtoa-hexnan.o)
                0x0000000010008310                __match
                0x000000001000833c                __hexnan
 .text          0x00000000100084dc       0x28 /usr/lib/gcc/arm-none-eabi/7.3.1/../../../arm-none-eabi/lib/thumb/v6-m/libg.a(lib_a-lseekr.o)
                0x00000000100084dc                _lseek_r
 .text          0x0000000010008504       0x44 /usr/lib/gcc/arm-none-eabi/7.3.1/../../../arm-none-eabi/lib/thumb/v6-m/libg.a(lib_a-mbtowc_r.o)
                0x0000000010008504                _mbtowc_r
                0x000000001000851c                __ascii_mbtowc
 .text          0x0000000010008548       0x9c /usr/lib/gcc/arm-none-eabi/7.3.1/../../../arm-none-eabi/lib/thumb/v6-m/libg.a(lib_a-memmove.o)
                0x0000000010008548                memmove
 .text          0x00000000100085e4      0x984 /usr/lib/gcc/arm-none-eabi/7.3.1/../../../arm-none-eabi/lib/thumb/v6-m/libg.a(lib_a-mprec.o)
                0x00000000100085e4                _Balloc
                0x0000000010008634                _Bfree
                0x0000000010008648                __multadd
                0x00000000100086d4                __s2b
                0x0000000010008764                __hi0bits
                0x000000001000879c                __lo0bits
                0x00000000100087f8                __i2b
                0x000000001000880c                __multiply
                0x0000000010008984                __pow5mult
                0x0000000010008a44                __lshift
                0x0000000010008b0c                __mcmp
                0x0000000010008b40                __mdiff
                0x0000000010008c64                __ulp
                0x0000000010008cb0                __b2d
                0x0000000010008d6c                __d2b
                0x0000000010008e28                __ratio
                0x0000000010008e9c                _mprec_log10
                0x0000000010008ed0                __copybits
                0x0000000010008f10                __any_on
 .text          0x0000000010008f68       0x28 /usr/lib/gcc/arm-none-eabi/7.3.1/../../../arm-none-eabi/lib/thumb/v6-m/libg.a(lib_a-readr.o)
                0x0000000010008f68                _read_r
 .text          0x0000000010008f90        0xc /usr/lib/gcc/arm-none-eabi/7.3.1/../../../arm-none-eabi/lib/thumb/v6-m/libg.a(lib_a-s_nan.o)
                0x0000000010008f90                nan
 .text          0x0000000010008f9c        0x8 /usr/lib/gcc/arm-none-eabi/7.3.1/../../../arm-none-eabi/lib/thumb/v6-m/libg.a(lib_a-sf_nan.o)
                0x0000000010008f9c                nanf
 .text          0x0000000010008fa4       0x8c /usr/lib/gcc/arm-none-eabi/7.3.1/../../../arm-none-eabi/lib/thumb/v6-m/libg.a(lib_a-strncmp.o)
                0x0000000010008fa4                strncmp
 .text          0x0000000010009030       0x2c /usr/lib/gcc/arm-none-eabi/7.3.1/../../../arm-none-eabi/lib/thumb/v6-m/libg.a(lib_a-wctomb_r.o)
                0x0000000010009030                _wctomb_r
                0x0000000010009040                __ascii_wctomb
 .text          0x000000001000905c       0x10 /usr/lib/gcc/arm-none-eabi/7.3.1/../../../arm-none-eabi/lib/thumb/v6-m/libnosys.a(close.o)
                0x000000001000905c                _close
 .text          0x000000001000906c       0x10 /usr/lib/gcc/arm-none-eabi/7.3.1/../../../arm-none-eabi/lib/thumb/v6-m/libnosys.a(lseek.o)
                0x000000001000906c                _lseek
 *(.fini)
 .fini          0x000000001000907c        0x4 /usr/lib/gcc/arm-none-eabi/7.3.1/thumb/v6-m/crti.o
                0x000000001000907c                _fini
 .fini.__stub   0x0000000010009080       0x50 linker stubs
 *crtbegin.o(.ctors)
 *crtbegin?.o(.ctors)
 *(EXCLUDE_FILE(*crtend.o *crtend?.o) .ctors)
 *(SORT_BY_NAME(.ctors.*))
 *(.ctors)
 *crtbegin.o(.dtors)
 *crtbegin?.o(.dtors)
 *(EXCLUDE_FILE(*crtend.o *crtend?.o) .dtors)
 *(SORT_BY_NAME(.dtors.*))
 *(.dtors)
 *(.eh_frame*)
 .eh_frame      0x00000000100090d0        0x0 /usr/lib/gcc/arm-none-eabi/7.3.1/thumb/v6-m/crtbegin.o
                0x00000000100090d0                . = ALIGN (0x4)

.glue_7         0x00000000100090d0        0x0
 .glue_7        0x00000000100090d0        0x0 linker stubs

.glue_7t        0x00000000100090d0        0x0
 .glue_7t       0x00000000100090d0        0x0 linker stubs

.vfp11_veneer   0x00000000100090d0        0x0
 .vfp11_veneer  0x00000000100090d0        0x0 linker stubs

.v4_bx          0x00000000100090d0        0x0
 .v4_bx         0x00000000100090d0        0x0 linker stubs

.iplt           0x00000000100090d0        0x0
 .iplt          0x00000000100090d0        0x0 /usr/lib/gcc/arm-none-eabi/7.3.1/thumb/v6-m/crtbegin.o

.rodata         0x00000000100090d0     0x1754
 *(EXCLUDE_FILE(*libm.a: *libc.a:*lib_a-mem*.o *libgcc.a:) .rodata*)
 .rodata._Z5ErrorP9JLContextPKcz.str1.4
                0x00000000100090d0        0xc CMakeFiles/pico-jl.dir/src/jl-context.cpp.obj
 .rodata._ZL18INTERNAL_FUNCTIONS
                0x00000000100090dc       0xe0 CMakeFiles/pico-jl.dir/src/jl-func.cpp.obj
 .rodata._ZL20InvalidArgumentErrorP9JLContextP7JLValue.str1.4
                0x00000000100091bc       0x17 CMakeFiles/pico-jl.dir/src/jl-func.cpp.obj
 *fill*         0x00000000100091d3        0x1 
 .rodata._ZL20TooFewArgumentsErrorP9JLContextP7JLValue.str1.4
                0x00000000100091d4       0x18 CMakeFiles/pico-jl.dir/src/jl-func.cpp.obj
 .rodata._ZL21TooManyArgumentsErrorP9JLContextP7JLValue.str1.4
                0x00000000100091ec       0x19 CMakeFiles/pico-jl.dir/src/jl-func.cpp.obj
 *fill*         0x0000000010009205        0x3 
 .rodata.str1.4
                0x0000000010009208       0x9a CMakeFiles/pico-jl.dir/src/jl-func.cpp.obj
                                         0xa2 (size before relaxing)
 *fill*         0x00000000100092a2        0x2 
 .rodata._Z6LookupP9JLContextPKc.str1.4
                0x00000000100092a4       0x15 CMakeFiles/pico-jl.dir/src/jl-scope.cpp.obj
 *fill*         0x00000000100092b9        0x3 
 .rodata._Z9CopyValueP9JLContextPK7JLValue
                0x00000000100092bc       0x20 CMakeFiles/pico-jl.dir/src/jl-value.cpp.obj
 .rodata._ZL12ParseLiteralP9JLContextPPKc
                0x00000000100092dc      0x124 CMakeFiles/pico-jl.dir/src/jl.cpp.obj
 .rodata._Z9JLReleaseP9JLContextP7JLValue
                0x0000000010009400       0x20 CMakeFiles/pico-jl.dir/src/jl.cpp.obj
 .rodata._Z7JLPrintPK9JLContextPK7JLValue
                0x0000000010009420       0x20 CMakeFiles/pico-jl.dir/src/jl.cpp.obj
 .rodata._Z10JLEvaluateP9JLContextP7JLValue.str1.4
                0x0000000010009440       0x22 CMakeFiles/pico-jl.dir/src/jl.cpp.obj
 *fill*         0x0000000010009462        0x2 
 .rodata._Z15JLCreateContextv.str1.4
                0x0000000010009464        0x4 CMakeFiles/pico-jl.dir/src/jl.cpp.obj
 .rodata._Z7JLParseP9JLContextPPKc.str1.4
                0x0000000010009468        0xf CMakeFiles/pico-jl.dir/src/jl.cpp.obj
 *fill*         0x0000000010009477        0x1 
 .rodata._Z7JLPrintPK9JLContextPK7JLValue.str1.4
                0x0000000010009478       0x2b CMakeFiles/pico-jl.dir/src/jl.cpp.obj
                                         0x2f (size before relaxing)
 *fill*         0x00000000100094a3        0x1 
 .rodata._ZL10EvalLambdaP9JLContextPK7JLValuePS1_.str1.4
                0x00000000100094a4       0x3c CMakeFiles/pico-jl.dir/src/jl.cpp.obj
 .rodata._ZL9ParseListP9JLContextPPKc.str1.4
                0x00000000100094e0        0xd CMakeFiles/pico-jl.dir/src/jl.cpp.obj
 .rodata._ZL9PrintFuncP9JLContextP7JLValuePv.str1.4
                0x00000000100094ed        0x3 CMakeFiles/pico-jl.dir/src/jli.cpp.obj
 *fill*         0x00000000100094ed        0x3 
 .rodata.main.str1.4
                0x00000000100094f0       0x40 CMakeFiles/pico-jl.dir/src/jli.cpp.obj
 .rodata.__func__.5648
                0x0000000010009530       0x15 CMakeFiles/pico-jl.dir/home/klauszerbe/pico/pico-sdk/src/common/pico_time/time.c.obj
 *fill*         0x0000000010009545        0x3 
 .rodata.__func__.5954
                0x0000000010009548        0xc CMakeFiles/pico-jl.dir/home/klauszerbe/pico/pico-sdk/src/common/pico_time/time.c.obj
 .rodata.__func__.5961
                0x0000000010009554       0x12 CMakeFiles/pico-jl.dir/home/klauszerbe/pico/pico-sdk/src/common/pico_time/time.c.obj
 *fill*         0x0000000010009566        0x2 
 .rodata.__func__.5977
                0x0000000010009568        0xf CMakeFiles/pico-jl.dir/home/klauszerbe/pico/pico-sdk/src/common/pico_time/time.c.obj
 *fill*         0x0000000010009577        0x1 
 .rodata.__func__.5999
                0x0000000010009578        0xd CMakeFiles/pico-jl.dir/home/klauszerbe/pico/pico-sdk/src/common/pico_time/time.c.obj
 *fill*         0x0000000010009585        0x3 
 .rodata.__func__.6223
                0x0000000010009588        0xa CMakeFiles/pico-jl.dir/home/klauszerbe/pico/pico-sdk/src/common/pico_time/time.c.obj
 *fill*         0x0000000010009592        0x2 
 .rodata.__func__.6228
                0x0000000010009594       0x12 CMakeFiles/pico-jl.dir/home/klauszerbe/pico/pico-sdk/src/common/pico_time/time.c.obj
 *fill*         0x00000000100095a6        0x2 
 .rodata.__func__.6254
                0x00000000100095a8       0x15 CMakeFiles/pico-jl.dir/home/klauszerbe/pico/pico-sdk/src/common/pico_time/time.c.obj
 *fill*         0x00000000100095bd        0x3 
 .rodata.__func__.6271
                0x00000000100095c0       0x1a CMakeFiles/pico-jl.dir/home/klauszerbe/pico/pico-sdk/src/common/pico_time/time.c.obj
 *fill*         0x00000000100095da        0x2 
 .rodata.add_alarm_under_lock.str1.4
                0x00000000100095dc       0x28 CMakeFiles/pico-jl.dir/home/klauszerbe/pico/pico-sdk/src/common/pico_time/time.c.obj
                                         0x2b (size before relaxing)
 .rodata.alarm_pool_alarm_callback.str1.4
                0x0000000010009604       0xea CMakeFiles/pico-jl.dir/home/klauszerbe/pico/pico-sdk/src/common/pico_time/time.c.obj
 *fill*         0x00000000100096ee        0x2 
 .rodata.alarm_pool_dump_key.str1.4
                0x00000000100096f0       0x33 CMakeFiles/pico-jl.dir/home/klauszerbe/pico/pico-sdk/src/common/pico_time/time.c.obj
 *fill*         0x0000000010009723        0x5 
 .rodata.at_the_end_of_time
                0x0000000010009728        0x8 CMakeFiles/pico-jl.dir/home/klauszerbe/pico/pico-sdk/src/common/pico_time/time.c.obj
                0x0000000010009728                at_the_end_of_time
 .rodata.ph_add_child_node.str1.4
                0x0000000010009730       0x9a CMakeFiles/pico-jl.dir/home/klauszerbe/pico/pico-sdk/src/common/pico_time/time.c.obj
 *fill*         0x00000000100097ca        0x2 
 .rodata.repeating_timer_callback.str1.4
                0x00000000100097cc       0x4f CMakeFiles/pico-jl.dir/home/klauszerbe/pico/pico-sdk/src/common/pico_time/time.c.obj
 *fill*         0x000000001000981b        0x1 
 .rodata.__func__.4173
                0x000000001000981c       0x15 CMakeFiles/pico-jl.dir/home/klauszerbe/pico/pico-sdk/src/rp2_common/hardware_timer/timer.c.obj
 *fill*         0x0000000010009831        0x3 
 .rodata.__func__.4519
                0x0000000010009834       0x1a CMakeFiles/pico-jl.dir/home/klauszerbe/pico/pico-sdk/src/rp2_common/hardware_timer/timer.c.obj
 .rodata.busy_wait_us.str1.4
                0x000000001000984e       0x65 CMakeFiles/pico-jl.dir/home/klauszerbe/pico/pico-sdk/src/rp2_common/hardware_timer/timer.c.obj
 *fill*         0x000000001000984e        0x2 
 .rodata.hardware_alarm_claim.str1.4
                0x0000000010009850       0x22 CMakeFiles/pico-jl.dir/home/klauszerbe/pico/pico-sdk/src/rp2_common/hardware_timer/timer.c.obj
 *fill*         0x0000000010009872        0x2 
 .rodata.hardware_alarm_set_target.str1.4
                0x0000000010009874       0x69 CMakeFiles/pico-jl.dir/home/klauszerbe/pico/pico-sdk/src/rp2_common/hardware_timer/timer.c.obj
 *fill*         0x00000000100098dd        0x3 
 .rodata.__func__.4660
                0x00000000100098e0        0xb CMakeFiles/pico-jl.dir/home/klauszerbe/pico/pico-sdk/src/common/pico_sync/mutex.c.obj
 *fill*         0x00000000100098eb        0x1 
 .rodata.str1.4
                0x00000000100098ec       0x8d CMakeFiles/pico-jl.dir/home/klauszerbe/pico/pico-sdk/src/common/pico_sync/mutex.c.obj
                                         0xf5 (size before relaxing)
 *fill*         0x0000000010009979        0x3 
 .rodata.__func__.5655
                0x000000001000997c        0xc CMakeFiles/pico-jl.dir/home/klauszerbe/pico/pico-sdk/src/common/pico_util/pheap.c.obj
 .rodata.__func__.5662
                0x0000000010009988       0x12 CMakeFiles/pico-jl.dir/home/klauszerbe/pico/pico-sdk/src/common/pico_util/pheap.c.obj
 *fill*         0x000000001000999a        0x2 
 .rodata.__func__.5748
                0x000000001000999c       0x13 CMakeFiles/pico-jl.dir/home/klauszerbe/pico/pico-sdk/src/common/pico_util/pheap.c.obj
 *fill*         0x00000000100099af        0x1 
 .rodata.__func__.5766
                0x00000000100099b0       0x18 CMakeFiles/pico-jl.dir/home/klauszerbe/pico/pico-sdk/src/common/pico_util/pheap.c.obj
 .rodata.ph_add_child_node.str1.4
                0x00000000100099c8       0x9a CMakeFiles/pico-jl.dir/home/klauszerbe/pico/pico-sdk/src/common/pico_util/pheap.c.obj
 .rodata.ph_remove_and_free_node.str1.4
                0x00000000100099c8       0x26 CMakeFiles/pico-jl.dir/home/klauszerbe/pico/pico-sdk/src/common/pico_util/pheap.c.obj
 *fill*         0x00000000100099ee        0x2 
 .rodata.ph_remove_any_head.str1.4
                0x00000000100099f0       0x90 CMakeFiles/pico-jl.dir/home/klauszerbe/pico/pico-sdk/src/common/pico_util/pheap.c.obj
 .rodata.__assert_func.str1.4
                0x0000000010009a80       0x3f CMakeFiles/pico-jl.dir/home/klauszerbe/pico/pico-sdk/src/rp2_common/pico_runtime/runtime.c.obj
                                         0x43 (size before relaxing)
 *fill*         0x0000000010009abf        0x1 
 .rodata.__func__.5763
                0x0000000010009ac0        0xd CMakeFiles/pico-jl.dir/home/klauszerbe/pico/pico-sdk/src/rp2_common/pico_runtime/runtime.c.obj
 *fill*         0x0000000010009acd        0x3 
 .rodata.panic.str1.4
                0x0000000010009ad0       0x12 CMakeFiles/pico-jl.dir/home/klauszerbe/pico/pico-sdk/src/rp2_common/pico_runtime/runtime.c.obj
 *fill*         0x0000000010009ae2        0x2 
 .rodata.runtime_init.str1.4
                0x0000000010009ae4       0x65 CMakeFiles/pico-jl.dir/home/klauszerbe/pico/pico-sdk/src/rp2_common/pico_runtime/runtime.c.obj
 *fill*         0x0000000010009b49        0x3 
 .rodata.__func__.4648
                0x0000000010009b4c       0x10 CMakeFiles/pico-jl.dir/home/klauszerbe/pico/pico-sdk/src/rp2_common/hardware_clocks/clocks.c.obj
 .rodata.clock_configure.str1.4
                0x0000000010009b5c       0x5b CMakeFiles/pico-jl.dir/home/klauszerbe/pico/pico-sdk/src/rp2_common/hardware_clocks/clocks.c.obj
 *fill*         0x0000000010009bb7        0x1 
 .rodata.__func__.4693
                0x0000000010009bb8       0x1a CMakeFiles/pico-jl.dir/home/klauszerbe/pico/pico-sdk/src/rp2_common/hardware_irq/irq.c.obj
 *fill*         0x0000000010009bd2        0x2 
 .rodata.__func__.4707
                0x0000000010009bd4        0xc CMakeFiles/pico-jl.dir/home/klauszerbe/pico/pico-sdk/src/rp2_common/hardware_irq/irq.c.obj
 .rodata.__func__.4715
                0x0000000010009be0       0x17 CMakeFiles/pico-jl.dir/home/klauszerbe/pico/pico-sdk/src/rp2_common/hardware_irq/irq.c.obj
 *fill*         0x0000000010009bf7        0x1 
 .rodata.__func__.4719
                0x0000000010009bf8        0xf CMakeFiles/pico-jl.dir/home/klauszerbe/pico/pico-sdk/src/rp2_common/hardware_irq/irq.c.obj
 *fill*         0x0000000010009c07        0x1 
 .rodata.__func__.4758
                0x0000000010009c08       0x13 CMakeFiles/pico-jl.dir/home/klauszerbe/pico/pico-sdk/src/rp2_common/hardware_irq/irq.c.obj
 *fill*         0x0000000010009c1b        0x1 
 .rodata.__func__.4781
                0x0000000010009c1c       0x1a CMakeFiles/pico-jl.dir/home/klauszerbe/pico/pico-sdk/src/rp2_common/hardware_irq/irq.c.obj
 *fill*         0x0000000010009c36        0x2 
 .rodata.irq_add_shared_handler.str1.4
                0x0000000010009c38       0xd9 CMakeFiles/pico-jl.dir/home/klauszerbe/pico/pico-sdk/src/rp2_common/hardware_irq/irq.c.obj
 *fill*         0x0000000010009d11        0x3 
 .rodata.irq_add_tail_to_free_list.str1.4
                0x0000000010009d14       0x32 CMakeFiles/pico-jl.dir/home/klauszerbe/pico/pico-sdk/src/rp2_common/hardware_irq/irq.c.obj
                                         0x3a (size before relaxing)
 *fill*         0x0000000010009d46        0x2 
 .rodata.irq_remove_handler.str1.4
                0x0000000010009d48       0x2a CMakeFiles/pico-jl.dir/home/klauszerbe/pico/pico-sdk/src/rp2_common/hardware_irq/irq.c.obj
 *fill*         0x0000000010009d72        0x2 
 .rodata.irq_set_exclusive_handler.str1.4
                0x0000000010009d74       0x36 CMakeFiles/pico-jl.dir/home/klauszerbe/pico/pico-sdk/src/rp2_common/hardware_irq/irq.c.obj
 *fill*         0x0000000010009daa        0x2 
 .rodata.make_branch.str1.4
                0x0000000010009dac       0x51 CMakeFiles/pico-jl.dir/home/klauszerbe/pico/pico-sdk/src/rp2_common/hardware_irq/irq.c.obj
 *fill*         0x0000000010009dfd        0x3 
 .rodata.__func__.4368
                0x0000000010009e00        0x9 CMakeFiles/pico-jl.dir/home/klauszerbe/pico/pico-sdk/src/rp2_common/hardware_pll/pll.c.obj
 *fill*         0x0000000010009e09        0x3 
 .rodata.pll_init.str1.4
                0x0000000010009e0c       0xdf CMakeFiles/pico-jl.dir/home/klauszerbe/pico/pico-sdk/src/rp2_common/hardware_pll/pll.c.obj
 *fill*         0x0000000010009eeb        0x1 
 .rodata._vsnprintf
                0x0000000010009eec      0x1e0 CMakeFiles/pico-jl.dir/home/klauszerbe/pico/pico-sdk/src/rp2_common/pico_printf/printf.c.obj
 .rodata._ftoa.str1.4
                0x000000001000a0cc       0x15 CMakeFiles/pico-jl.dir/home/klauszerbe/pico/pico-sdk/src/rp2_common/pico_printf/printf.c.obj
 *fill*         0x000000001000a0e1        0x7 
 .rodata.pow10.5369
                0x000000001000a0e8       0x50 CMakeFiles/pico-jl.dir/home/klauszerbe/pico/pico-sdk/src/rp2_common/pico_printf/printf.c.obj
 .rodata.__aeabi_double_init.str1.4
                0x000000001000a138       0xac CMakeFiles/pico-jl.dir/home/klauszerbe/pico/pico-sdk/src/rp2_common/pico_double/double_init_rom.c.obj
 .rodata.__func__.4679
                0x000000001000a1e4       0x14 CMakeFiles/pico-jl.dir/home/klauszerbe/pico/pico-sdk/src/rp2_common/pico_double/double_init_rom.c.obj
 .rodata.__aeabi_float_init.str1.4
                0x000000001000a1f8       0x7e CMakeFiles/pico-jl.dir/home/klauszerbe/pico/pico-sdk/src/rp2_common/pico_float/float_init_rom.c.obj
                                         0x82 (size before relaxing)
 *fill*         0x000000001000a276        0x2 
 .rodata.__func__.4680
                0x000000001000a278       0x13 CMakeFiles/pico-jl.dir/home/klauszerbe/pico/pico-sdk/src/rp2_common/pico_float/float_init_rom.c.obj
 *fill*         0x000000001000a28b        0x1 
 .rodata.__wrap_malloc.str1.4
                0x000000001000a28c        0xe CMakeFiles/pico-jl.dir/home/klauszerbe/pico/pico-sdk/src/rp2_common/pico_malloc/pico_malloc.c.obj
 *fill*         0x000000001000a29a        0x2 
 .rodata.__bi_44
                0x000000001000a29c        0xc CMakeFiles/pico-jl.dir/home/klauszerbe/pico/pico-sdk/src/rp2_common/pico_standard_link/binary_info.c.obj
 .rodata.__bi_75
                0x000000001000a2a8        0xc CMakeFiles/pico-jl.dir/home/klauszerbe/pico/pico-sdk/src/rp2_common/pico_standard_link/binary_info.c.obj
 .rodata.__bi_81
                0x000000001000a2b4        0xc CMakeFiles/pico-jl.dir/home/klauszerbe/pico/pico-sdk/src/rp2_common/pico_standard_link/binary_info.c.obj
 .rodata.str1.4
                0x000000001000a2c0       0x3c CMakeFiles/pico-jl.dir/home/klauszerbe/pico/pico-sdk/src/rp2_common/pico_standard_link/binary_info.c.obj
 .rodata.__func__.6112
                0x000000001000a2fc        0xf CMakeFiles/pico-jl.dir/home/klauszerbe/pico/pico-sdk/src/rp2_common/pico_stdio/stdio.c.obj
 *fill*         0x000000001000a30b        0x1 
 .rodata.__wrap_getchar.str1.4
                0x000000001000a30c       0x4d CMakeFiles/pico-jl.dir/home/klauszerbe/pico/pico-sdk/src/rp2_common/pico_stdio/stdio.c.obj
 *fill*         0x000000001000a359        0x3 
 .rodata.crlf_str.5998
                0x000000001000a35c        0x2 CMakeFiles/pico-jl.dir/home/klauszerbe/pico/pico-sdk/src/rp2_common/pico_stdio/stdio.c.obj
 *fill*         0x000000001000a35e        0x2 
 .rodata.__bi_28.4712
                0x000000001000a360        0xc CMakeFiles/pico-jl.dir/home/klauszerbe/pico/pico-sdk/src/rp2_common/pico_stdio_uart/stdio_uart.c.obj
 .rodata.__bi_29.4716
                0x000000001000a36c        0x8 CMakeFiles/pico-jl.dir/home/klauszerbe/pico/pico-sdk/src/rp2_common/pico_stdio_uart/stdio_uart.c.obj
 .rodata.str1.4
                0x000000001000a374       0x2c CMakeFiles/pico-jl.dir/home/klauszerbe/pico/pico-sdk/src/rp2_common/pico_stdio_uart/stdio_uart.c.obj
 .rodata        0x000000001000a3a0        0x4 /usr/lib/gcc/arm-none-eabi/7.3.1/../../../arm-none-eabi/lib/thumb/v6-m/libg.a(lib_a-impure.o)
                0x000000001000a3a0                _global_impure_ptr
 *fill*         0x000000001000a3a4        0x4 
 .rodata        0x000000001000a3a8      0x120 /usr/lib/gcc/arm-none-eabi/7.3.1/../../../arm-none-eabi/lib/thumb/v6-m/libg.a(lib_a-strtod.o)
 .rodata.str1.4
                0x000000001000a4c8        0xf /usr/lib/gcc/arm-none-eabi/7.3.1/../../../arm-none-eabi/lib/thumb/v6-m/libg.a(lib_a-strtod.o)
                                         0x11 (size before relaxing)
 *fill*         0x000000001000a4d7        0x1 
 .rodata        0x000000001000a4d8      0x100 /usr/lib/gcc/arm-none-eabi/7.3.1/../../../arm-none-eabi/lib/thumb/v6-m/libg.a(lib_a-gdtoa-gethex.o)
                0x000000001000a4d8                __hexdig
 .rodata        0x000000001000a5d8        0xc /usr/lib/gcc/arm-none-eabi/7.3.1/../../../arm-none-eabi/lib/thumb/v6-m/libg.a(lib_a-lnumeric.o)
                0x000000001000a5d8                _C_numeric_locale
 .rodata.str1.4
                0x000000001000a5e4        0x2 /usr/lib/gcc/arm-none-eabi/7.3.1/../../../arm-none-eabi/lib/thumb/v6-m/libg.a(lib_a-lnumeric.o)
                                          0x5 (size before relaxing)
 *fill*         0x000000001000a5e6        0x2 
 .rodata.str1.4
                0x000000001000a5e8        0xc /usr/lib/gcc/arm-none-eabi/7.3.1/../../../arm-none-eabi/lib/thumb/v6-m/libg.a(lib_a-locale.o)
                                         0x12 (size before relaxing)
 *fill*         0x000000001000a5f4        0x4 
 .rodata        0x000000001000a5f8      0x128 /usr/lib/gcc/arm-none-eabi/7.3.1/../../../arm-none-eabi/lib/thumb/v6-m/libg.a(lib_a-mprec.o)
                0x000000001000a608                __mprec_tinytens
                0x000000001000a630                __mprec_bigtens
                0x000000001000a658                __mprec_tens
 .rodata        0x000000001000a720      0x101 /usr/lib/gcc/arm-none-eabi/7.3.1/../../../arm-none-eabi/lib/thumb/v6-m/libg.a(lib_a-ctype_.o)
                0x000000001000a720                _ctype_
                0x000000001000a824                . = ALIGN (0x4)
 *fill*         0x000000001000a821        0x3 
 *(SORT_BY_ALIGNMENT(SORT_BY_NAME(.flashdata*)))
                0x000000001000a824                . = ALIGN (0x4)

.rel.dyn        0x000000001000a824        0x0
 .rel.iplt      0x000000001000a824        0x0 /usr/lib/gcc/arm-none-eabi/7.3.1/thumb/v6-m/crtbegin.o

.ARM.extab
 *(.ARM.extab* .gnu.linkonce.armextab.*)
                0x000000001000a824                __exidx_start = .

.ARM.exidx
 *(.ARM.exidx* .gnu.linkonce.armexidx.*)
                0x000000001000a824                __exidx_end = .
                0x000000001000a824                . = ALIGN (0x4)
                0x000000001000a824                __binary_info_start = .

.binary_info    0x000000001000a824       0x24
 *(.binary_info.keep.*)
 .binary_info.keep.__bi_ptr22
                0x000000001000a824        0x4 CMakeFiles/pico-jl.dir/home/klauszerbe/pico/pico-sdk/src/rp2_common/pico_standard_link/binary_info.c.obj
 .binary_info.keep.__bi_ptr30
                0x000000001000a828        0x4 CMakeFiles/pico-jl.dir/home/klauszerbe/pico/pico-sdk/src/rp2_common/pico_standard_link/binary_info.c.obj
 .binary_info.keep.__bi_ptr38
                0x000000001000a82c        0x4 CMakeFiles/pico-jl.dir/home/klauszerbe/pico/pico-sdk/src/rp2_common/pico_standard_link/binary_info.c.obj
 .binary_info.keep.__bi_ptr44
                0x000000001000a830        0x4 CMakeFiles/pico-jl.dir/home/klauszerbe/pico/pico-sdk/src/rp2_common/pico_standard_link/binary_info.c.obj
 .binary_info.keep.__bi_ptr50
                0x000000001000a834        0x4 CMakeFiles/pico-jl.dir/home/klauszerbe/pico/pico-sdk/src/rp2_common/pico_standard_link/binary_info.c.obj
 .binary_info.keep.__bi_ptr75
                0x000000001000a838        0x4 CMakeFiles/pico-jl.dir/home/klauszerbe/pico/pico-sdk/src/rp2_common/pico_standard_link/binary_info.c.obj
 .binary_info.keep.__bi_ptr81
                0x000000001000a83c        0x4 CMakeFiles/pico-jl.dir/home/klauszerbe/pico/pico-sdk/src/rp2_common/pico_standard_link/binary_info.c.obj
 *(.binary_info.*)
 .binary_info.__bi_ptr28
                0x000000001000a840        0x4 CMakeFiles/pico-jl.dir/home/klauszerbe/pico/pico-sdk/src/rp2_common/pico_stdio_uart/stdio_uart.c.obj
 .binary_info.__bi_ptr29
                0x000000001000a844        0x4 CMakeFiles/pico-jl.dir/home/klauszerbe/pico/pico-sdk/src/rp2_common/pico_stdio_uart/stdio_uart.c.obj
                0x000000001000a848                __binary_info_end = .
                0x000000001000a848                . = ALIGN (0x4)
                0x000000001000a848                __etext = .

.ram_vector_table
                0x0000000020000000       0xc0
 *(.ram_vector_table)
 .ram_vector_table
                0x0000000020000000       0xc0 CMakeFiles/pico-jl.dir/home/klauszerbe/pico/pico-sdk/src/rp2_common/pico_runtime/runtime.c.obj
                0x0000000020000000                ram_vector_table

.data           0x00000000200000c0      0xb74 load address 0x000000001000a848
                0x00000000200000c0                __data_start__ = .
 *(vtable)
 *(.time_critical*)
 .time_critical.mutex_enter_blocking
                0x00000000200000c0       0x48 CMakeFiles/pico-jl.dir/home/klauszerbe/pico/pico-sdk/src/common/pico_sync/mutex.c.obj
                0x00000000200000c0                mutex_enter_blocking
 .time_critical.mutex_try_enter
                0x0000000020000108       0x48 CMakeFiles/pico-jl.dir/home/klauszerbe/pico/pico-sdk/src/common/pico_sync/mutex.c.obj
                0x0000000020000108                mutex_try_enter
 .time_critical.mutex_exit
                0x0000000020000150       0x4c CMakeFiles/pico-jl.dir/home/klauszerbe/pico/pico-sdk/src/common/pico_sync/mutex.c.obj
                0x0000000020000150                mutex_exit
 *(.text*)
 .text          0x000000002000019c        0x4 /usr/lib/gcc/arm-none-eabi/7.3.1/thumb/v6-m/libgcc.a(_dvmd_tls.o)
                0x000000002000019c                __aeabi_ldiv0
                0x000000002000019c                __aeabi_idiv0
 .text.__stub   0x00000000200001a0       0x10 linker stubs
                0x00000000200001b0                . = ALIGN (0x4)
 *(.rodata*)
                0x00000000200001b0                . = ALIGN (0x4)
 *(.data*)
 .data.striped_spin_lock_num
                0x00000000200001b0        0x1 CMakeFiles/pico-jl.dir/home/klauszerbe/pico/pico-sdk/src/rp2_common/hardware_sync/sync.c.obj
 *fill*         0x00000000200001b1        0x3 
 .data.default_alarm_pool
                0x00000000200001b4       0x18 CMakeFiles/pico-jl.dir/home/klauszerbe/pico/pico-sdk/src/common/pico_time/time.c.obj
 .data.default_alarm_pool_heap
                0x00000000200001cc       0x10 CMakeFiles/pico-jl.dir/home/klauszerbe/pico/pico-sdk/src/common/pico_time/time.c.obj
 .data          0x00000000200001dc       0x48 CMakeFiles/pico-jl.dir/home/klauszerbe/pico/pico-sdk/src/rp2_common/hardware_irq/irq_handler_chain.S.obj
                0x00000000200001dc                irq_handler_chain_slots
                0x000000002000020c                irq_handler_chain_first_slot
                0x0000000020000216                irq_handler_chain_remove_tail
 *fill*         0x0000000020000224        0xc 
 .data.aeabi_bits_funcs
                0x0000000020000230       0x10 CMakeFiles/pico-jl.dir/home/klauszerbe/pico/pico-sdk/src/rp2_common/pico_bit_ops/bit_ops_aeabi.S.obj
                0x0000000020000230                aeabi_bits_funcs
                0x0000000020000240                aeabi_bits_funcs_end
 .data.aeabi_mem_funcs
                0x0000000020000240       0x10 CMakeFiles/pico-jl.dir/home/klauszerbe/pico/pico-sdk/src/rp2_common/pico_mem_ops/mem_ops_aeabi.S.obj
                0x0000000020000240                aeabi_mem_funcs
                0x0000000020000250                aeabi_mem_funcs_end
 .data.stdio_uart
                0x0000000020000250       0x14 CMakeFiles/pico-jl.dir/home/klauszerbe/pico/pico-sdk/src/rp2_common/pico_stdio_uart/stdio_uart.c.obj
                0x0000000020000250                stdio_uart
 *fill*         0x0000000020000264        0x4 
 .data          0x0000000020000268      0x430 /usr/lib/gcc/arm-none-eabi/7.3.1/../../../arm-none-eabi/lib/thumb/v6-m/libg.a(lib_a-impure.o)
                0x0000000020000268                _impure_ptr
 .data          0x0000000020000698      0x410 /usr/lib/gcc/arm-none-eabi/7.3.1/../../../arm-none-eabi/lib/thumb/v6-m/libg.a(lib_a-mallocr.o)
                0x0000000020000698                __malloc_sbrk_base
                0x000000002000069c                __malloc_trim_threshold
                0x00000000200006a0                __malloc_av_
 .data          0x0000000020000aa8        0x2 /usr/lib/gcc/arm-none-eabi/7.3.1/../../../arm-none-eabi/lib/thumb/v6-m/libg.a(lib_a-lnumeric.o)
 *fill*         0x0000000020000aaa        0x2 
 .data          0x0000000020000aac      0x16c /usr/lib/gcc/arm-none-eabi/7.3.1/../../../arm-none-eabi/lib/thumb/v6-m/libg.a(lib_a-locale.o)
                0x0000000020000aac                __global_locale
                0x0000000020000c18                . = ALIGN (0x4)
 *(.after_data.*)
                0x0000000020000c18                . = ALIGN (0x4)
                0x0000000020000c18                PROVIDE (__mutex_array_start = .)
 *(SORT_BY_NAME(.mutex_array.*))
 *(.mutex_array)
 .mutex_array   0x0000000020000c18        0x8 CMakeFiles/pico-jl.dir/home/klauszerbe/pico/pico-sdk/src/rp2_common/pico_stdio/stdio.c.obj
                0x0000000020000c20                PROVIDE (__mutex_array_end = .)
                0x0000000020000c20                . = ALIGN (0x4)
                0x0000000020000c20                PROVIDE (__preinit_array_start = .)
 *(SORT_BY_NAME(.preinit_array.*))
 .preinit_array.00001
                0x0000000020000c20        0x4 CMakeFiles/pico-jl.dir/home/klauszerbe/pico/pico-sdk/src/rp2_common/pico_mem_ops/mem_ops_aeabi.S.obj
 .preinit_array.00010
                0x0000000020000c24        0x4 CMakeFiles/pico-jl.dir/home/klauszerbe/pico/pico-sdk/src/rp2_common/pico_bit_ops/bit_ops_aeabi.S.obj
 .preinit_array.00020
                0x0000000020000c28        0x4 CMakeFiles/pico-jl.dir/home/klauszerbe/pico/pico-sdk/src/rp2_common/pico_double/double_aeabi.S.obj
 .preinit_array.00020
                0x0000000020000c2c        0x4 CMakeFiles/pico-jl.dir/home/klauszerbe/pico/pico-sdk/src/rp2_common/pico_float/float_aeabi.S.obj
 *(.preinit_array)
                0x0000000020000c30                PROVIDE (__preinit_array_end = .)
                0x0000000020000c30                . = ALIGN (0x4)
                0x0000000020000c30                PROVIDE (__init_array_start = .)
 *(SORT_BY_NAME(.init_array.*))
 *(.init_array)
 .init_array    0x0000000020000c30        0x4 /usr/lib/gcc/arm-none-eabi/7.3.1/thumb/v6-m/crtbegin.o
                0x0000000020000c34                PROVIDE (__init_array_end = .)
                0x0000000020000c34                . = ALIGN (0x4)
                0x0000000020000c34                PROVIDE (__fini_array_start = .)
 *(SORT_BY_NAME(.fini_array.*))
 *(.fini_array)
                0x0000000020000c34                PROVIDE (__fini_array_end = .)
 *(.jcr)
                0x0000000020000c34                . = ALIGN (0x4)
                0x0000000020000c34                __data_end__ = .

.tm_clone_table
                0x0000000020000c34        0x0 load address 0x000000001000b3bc
 .tm_clone_table
                0x0000000020000c34        0x0 /usr/lib/gcc/arm-none-eabi/7.3.1/thumb/v6-m/crtbegin.o
 .tm_clone_table
                0x0000000020000c34        0x0 /usr/lib/gcc/arm-none-eabi/7.3.1/thumb/v6-m/crtend.o

.igot.plt       0x0000000020000c34        0x0 load address 0x000000001000b3bc
 .igot.plt      0x0000000020000c34        0x0 /usr/lib/gcc/arm-none-eabi/7.3.1/thumb/v6-m/crtbegin.o

.uninitialized_data
                0x0000000020000c34        0x0 load address 0x000000001000b3bc
                0x0000000020000c34                . = ALIGN (0x4)
 *(.uninitialized_data*)

.scratch_x      0x0000000020040000        0x0 load address 0x000000001000b3bc
                0x0000000020040000                __scratch_x_start__ = .
 *(.scratch_x.*)
                0x0000000020040000                . = ALIGN (0x4)
                0x0000000020040000                __scratch_x_end__ = .
                0x000000001000b3bc                __scratch_x_source__ = LOADADDR (.scratch_x)

.scratch_y      0x0000000020041000        0x0 load address 0x000000001000b3bc
                0x0000000020041000                __scratch_y_start__ = .
 *(.scratch_y.*)
                0x0000000020041000                . = ALIGN (0x4)
                0x0000000020041000                __scratch_y_end__ = .
                0x000000001000b3bc                __scratch_y_source__ = LOADADDR (.scratch_y)

.bss            0x0000000020000c38      0x40c
                0x0000000020000c38                . = ALIGN (0x4)
                0x0000000020000c38                __bss_start__ = .
 *(SORT_BY_ALIGNMENT(SORT_BY_NAME(.bss*)))
 .bss.default_alarm_pool_entries
                0x0000000020000c38      0x100 CMakeFiles/pico-jl.dir/home/klauszerbe/pico/pico-sdk/src/common/pico_time/time.c.obj
 .bss           0x0000000020000d38       0x1c /usr/lib/gcc/arm-none-eabi/7.3.1/thumb/v6-m/crtbegin.o
 .bss           0x0000000020000d54       0x34 /usr/lib/gcc/arm-none-eabi/7.3.1/../../../arm-none-eabi/lib/thumb/v6-m/libg.a(lib_a-mallocr.o)
                0x0000000020000d54                __malloc_top_pad
                0x0000000020000d58                __malloc_current_mallinfo
                0x0000000020000d80                __malloc_max_sbrked_mem
                0x0000000020000d84                __malloc_max_total_mem
 .bss.alarm_callbacks
                0x0000000020000d88       0x10 CMakeFiles/pico-jl.dir/home/klauszerbe/pico/pico-sdk/src/rp2_common/hardware_timer/timer.c.obj
 .bss.configured_freq
                0x0000000020000d98       0x28 CMakeFiles/pico-jl.dir/home/klauszerbe/pico/pico-sdk/src/rp2_common/hardware_clocks/clocks.c.obj
 .bss.default_alarm_pool_entry_ids_high
                0x0000000020000dc0       0x10 CMakeFiles/pico-jl.dir/home/klauszerbe/pico/pico-sdk/src/common/pico_time/time.c.obj
 .bss.default_alarm_pool_heap_nodes
                0x0000000020000dd0       0x30 CMakeFiles/pico-jl.dir/home/klauszerbe/pico/pico-sdk/src/common/pico_time/time.c.obj
 .bss.drivers   0x0000000020000e00        0x4 CMakeFiles/pico-jl.dir/home/klauszerbe/pico/pico-sdk/src/rp2_common/pico_stdio/stdio.c.obj
 .bss.filter    0x0000000020000e04        0x4 CMakeFiles/pico-jl.dir/home/klauszerbe/pico/pico-sdk/src/rp2_common/pico_stdio/stdio.c.obj
 .bss.heap_end.5792
                0x0000000020000e08        0x4 CMakeFiles/pico-jl.dir/home/klauszerbe/pico/pico-sdk/src/rp2_common/pico_runtime/runtime.c.obj
 .bss.pools     0x0000000020000e0c       0x10 CMakeFiles/pico-jl.dir/home/klauszerbe/pico/pico-sdk/src/common/pico_time/time.c.obj
 .bss.sf_clz_func
                0x0000000020000e1c        0x4 CMakeFiles/pico-jl.dir/home/klauszerbe/pico/pico-sdk/src/rp2_common/pico_double/double_init_rom.c.obj
                0x0000000020000e1c                sf_clz_func
 .bss.sleep_notifier
                0x0000000020000e20        0x4 CMakeFiles/pico-jl.dir/home/klauszerbe/pico/pico-sdk/src/common/pico_time/time.c.obj
 .bss.target_hi
                0x0000000020000e24       0x10 CMakeFiles/pico-jl.dir/home/klauszerbe/pico/pico-sdk/src/rp2_common/hardware_timer/timer.c.obj
 .bss.uart_instance
                0x0000000020000e34        0x4 CMakeFiles/pico-jl.dir/home/klauszerbe/pico/pico-sdk/src/rp2_common/pico_stdio_uart/stdio_uart.c.obj
 .bss.claimed   0x0000000020000e38        0x1 CMakeFiles/pico-jl.dir/home/klauszerbe/pico/pico-sdk/src/rp2_common/hardware_timer/timer.c.obj
 .bss.irq_hander_chain_free_slot_head
                0x0000000020000e39        0x1 CMakeFiles/pico-jl.dir/home/klauszerbe/pico/pico-sdk/src/rp2_common/hardware_irq/irq.c.obj
 .bss.timer_callbacks_pending
                0x0000000020000e3a        0x1 CMakeFiles/pico-jl.dir/home/klauszerbe/pico/pico-sdk/src/rp2_common/hardware_timer/timer.c.obj
 *(COMMON)
 *fill*         0x0000000020000e3b        0x1 
 COMMON         0x0000000020000e3c        0x4 CMakeFiles/pico-jl.dir/home/klauszerbe/pico/pico-sdk/src/rp2_common/hardware_uart/uart.c.obj
                0x0000000020000e3c                uart_char_to_line_feed
 COMMON         0x0000000020000e40      0x100 CMakeFiles/pico-jl.dir/home/klauszerbe/pico/pico-sdk/src/rp2_common/pico_double/double_init_rom.c.obj
                0x0000000020000e40                sd_table
 COMMON         0x0000000020000f40      0x100 CMakeFiles/pico-jl.dir/home/klauszerbe/pico/pico-sdk/src/rp2_common/pico_float/float_init_rom.c.obj
                0x0000000020000f40                sf_table
 COMMON         0x0000000020001040        0x4 /usr/lib/gcc/arm-none-eabi/7.3.1/../../../arm-none-eabi/lib/thumb/v6-m/libg.a(lib_a-reent.o)
                0x0000000020001040                errno
                0x0000000020001044                . = ALIGN (0x4)
                0x0000000020001044                __bss_end__ = .

.heap           0x0000000020001044      0x800
                0x0000000020001044                __end__ = .
                0x0000000020001044                end = __end__
 *(.heap*)
 .heap          0x0000000020001044      0x800 CMakeFiles/pico-jl.dir/home/klauszerbe/pico/pico-sdk/src/rp2_common/pico_standard_link/crt0.S.obj
                0x0000000020001844                __HeapLimit = .

.stack1_dummy   0x0000000020040000        0x0
 *(.stack1*)

.stack_dummy    0x0000000020041000      0x800
 *(.stack*)
 .stack         0x0000000020041000      0x800 CMakeFiles/pico-jl.dir/home/klauszerbe/pico/pico-sdk/src/rp2_common/pico_standard_link/crt0.S.obj

.flash_end      0x000000001000b3bc        0x0
                0x000000001000b3bc                __flash_binary_end = .
                0x0000000020040000                __StackLimit = (ORIGIN (RAM) + LENGTH (RAM))
                0x0000000020041000                __StackOneTop = (ORIGIN (SCRATCH_X) + LENGTH (SCRATCH_X))
                0x0000000020042000                __StackTop = (ORIGIN (SCRATCH_Y) + LENGTH (SCRATCH_Y))
                0x0000000020041000                __StackOneBottom = (__StackOneTop - SIZEOF (.stack1_dummy))
                0x0000000020041800                __StackBottom = (__StackTop - SIZEOF (.stack_dummy))
                0x0000000020042000                PROVIDE (__stack = __StackTop)
                0x0000000000000001                ASSERT ((__StackLimit >= __HeapLimit), region RAM overflowed)
                0x0000000000000001                ASSERT (((__binary_info_header_end - __logical_binary_start) <= 0x100), Binary info must be in first 256 bytes of the binary)
LOAD CMakeFiles/pico-jl.dir/src/jl-context.cpp.obj
LOAD CMakeFiles/pico-jl.dir/src/jl-func.cpp.obj
LOAD CMakeFiles/pico-jl.dir/src/jl-scope.cpp.obj
LOAD CMakeFiles/pico-jl.dir/src/jl-value.cpp.obj
LOAD CMakeFiles/pico-jl.dir/src/jl.cpp.obj
LOAD CMakeFiles/pico-jl.dir/src/jli.cpp.obj
LOAD CMakeFiles/pico-jl.dir/home/klauszerbe/pico/pico-sdk/src/rp2_common/pico_stdlib/stdlib.c.obj
LOAD CMakeFiles/pico-jl.dir/home/klauszerbe/pico/pico-sdk/src/rp2_common/hardware_gpio/gpio.c.obj
LOAD CMakeFiles/pico-jl.dir/home/klauszerbe/pico/pico-sdk/src/rp2_common/hardware_claim/claim.c.obj
LOAD CMakeFiles/pico-jl.dir/home/klauszerbe/pico/pico-sdk/src/rp2_common/pico_platform/platform.c.obj